Archive member included to satisfy reference by file (symbol)

D:/Program FIles/ST/STM32CubeIDE_1.14.1/STM32CubeIDE/plugins/com.st.stm32cube.ide.mcu.externaltools.gnu-tools-for-stm32.11.3.rel1.win32_1.1.100.202309141235/tools/bin/../lib/gcc/arm-none-eabi/11.3.1/../../../../arm-none-eabi/lib/thumb/v8-m.main+fp/hard\libc_nano.a(libc_a-exit.o)
                              D:/Program FIles/ST/STM32CubeIDE_1.14.1/STM32CubeIDE/plugins/com.st.stm32cube.ide.mcu.externaltools.gnu-tools-for-stm32.11.3.rel1.win32_1.1.100.202309141235/tools/bin/../lib/gcc/arm-none-eabi/11.3.1/../../../../arm-none-eabi/lib/thumb/v8-m.main+fp/hard/crt0.o (exit)
D:/Program FIles/ST/STM32CubeIDE_1.14.1/STM32CubeIDE/plugins/com.st.stm32cube.ide.mcu.externaltools.gnu-tools-for-stm32.11.3.rel1.win32_1.1.100.202309141235/tools/bin/../lib/gcc/arm-none-eabi/11.3.1/../../../../arm-none-eabi/lib/thumb/v8-m.main+fp/hard\libc_nano.a(libc_a-findfp.o)
                              D:/Program FIles/ST/STM32CubeIDE_1.14.1/STM32CubeIDE/plugins/com.st.stm32cube.ide.mcu.externaltools.gnu-tools-for-stm32.11.3.rel1.win32_1.1.100.202309141235/tools/bin/../lib/gcc/arm-none-eabi/11.3.1/../../../../arm-none-eabi/lib/thumb/v8-m.main+fp/hard\libc_nano.a(libc_a-exit.o) (__stdio_exit_handler)
D:/Program FIles/ST/STM32CubeIDE_1.14.1/STM32CubeIDE/plugins/com.st.stm32cube.ide.mcu.externaltools.gnu-tools-for-stm32.11.3.rel1.win32_1.1.100.202309141235/tools/bin/../lib/gcc/arm-none-eabi/11.3.1/../../../../arm-none-eabi/lib/thumb/v8-m.main+fp/hard\libc_nano.a(libc_a-fwalk.o)
                              D:/Program FIles/ST/STM32CubeIDE_1.14.1/STM32CubeIDE/plugins/com.st.stm32cube.ide.mcu.externaltools.gnu-tools-for-stm32.11.3.rel1.win32_1.1.100.202309141235/tools/bin/../lib/gcc/arm-none-eabi/11.3.1/../../../../arm-none-eabi/lib/thumb/v8-m.main+fp/hard\libc_nano.a(libc_a-findfp.o) (_fwalk_sglue)
D:/Program FIles/ST/STM32CubeIDE_1.14.1/STM32CubeIDE/plugins/com.st.stm32cube.ide.mcu.externaltools.gnu-tools-for-stm32.11.3.rel1.win32_1.1.100.202309141235/tools/bin/../lib/gcc/arm-none-eabi/11.3.1/../../../../arm-none-eabi/lib/thumb/v8-m.main+fp/hard\libc_nano.a(libc_a-snprintf.o)
                              ./Core/Src/main.o (snprintf)
D:/Program FIles/ST/STM32CubeIDE_1.14.1/STM32CubeIDE/plugins/com.st.stm32cube.ide.mcu.externaltools.gnu-tools-for-stm32.11.3.rel1.win32_1.1.100.202309141235/tools/bin/../lib/gcc/arm-none-eabi/11.3.1/../../../../arm-none-eabi/lib/thumb/v8-m.main+fp/hard\libc_nano.a(libc_a-sprintf.o)
                              ./Core/Src/main.o (sprintf)
D:/Program FIles/ST/STM32CubeIDE_1.14.1/STM32CubeIDE/plugins/com.st.stm32cube.ide.mcu.externaltools.gnu-tools-for-stm32.11.3.rel1.win32_1.1.100.202309141235/tools/bin/../lib/gcc/arm-none-eabi/11.3.1/../../../../arm-none-eabi/lib/thumb/v8-m.main+fp/hard\libc_nano.a(libc_a-stdio.o)
                              D:/Program FIles/ST/STM32CubeIDE_1.14.1/STM32CubeIDE/plugins/com.st.stm32cube.ide.mcu.externaltools.gnu-tools-for-stm32.11.3.rel1.win32_1.1.100.202309141235/tools/bin/../lib/gcc/arm-none-eabi/11.3.1/../../../../arm-none-eabi/lib/thumb/v8-m.main+fp/hard\libc_nano.a(libc_a-findfp.o) (__sread)
D:/Program FIles/ST/STM32CubeIDE_1.14.1/STM32CubeIDE/plugins/com.st.stm32cube.ide.mcu.externaltools.gnu-tools-for-stm32.11.3.rel1.win32_1.1.100.202309141235/tools/bin/../lib/gcc/arm-none-eabi/11.3.1/../../../../arm-none-eabi/lib/thumb/v8-m.main+fp/hard\libc_nano.a(libc_a-memset.o)
                              D:/Program FIles/ST/STM32CubeIDE_1.14.1/STM32CubeIDE/plugins/com.st.stm32cube.ide.mcu.externaltools.gnu-tools-for-stm32.11.3.rel1.win32_1.1.100.202309141235/tools/bin/../lib/gcc/arm-none-eabi/11.3.1/../../../../arm-none-eabi/lib/thumb/v8-m.main+fp/hard/crt0.o (memset)
D:/Program FIles/ST/STM32CubeIDE_1.14.1/STM32CubeIDE/plugins/com.st.stm32cube.ide.mcu.externaltools.gnu-tools-for-stm32.11.3.rel1.win32_1.1.100.202309141235/tools/bin/../lib/gcc/arm-none-eabi/11.3.1/../../../../arm-none-eabi/lib/thumb/v8-m.main+fp/hard\libc_nano.a(libc_a-closer.o)
                              D:/Program FIles/ST/STM32CubeIDE_1.14.1/STM32CubeIDE/plugins/com.st.stm32cube.ide.mcu.externaltools.gnu-tools-for-stm32.11.3.rel1.win32_1.1.100.202309141235/tools/bin/../lib/gcc/arm-none-eabi/11.3.1/../../../../arm-none-eabi/lib/thumb/v8-m.main+fp/hard\libc_nano.a(libc_a-stdio.o) (_close_r)
D:/Program FIles/ST/STM32CubeIDE_1.14.1/STM32CubeIDE/plugins/com.st.stm32cube.ide.mcu.externaltools.gnu-tools-for-stm32.11.3.rel1.win32_1.1.100.202309141235/tools/bin/../lib/gcc/arm-none-eabi/11.3.1/../../../../arm-none-eabi/lib/thumb/v8-m.main+fp/hard\libc_nano.a(libc_a-reent.o)
                              D:/Program FIles/ST/STM32CubeIDE_1.14.1/STM32CubeIDE/plugins/com.st.stm32cube.ide.mcu.externaltools.gnu-tools-for-stm32.11.3.rel1.win32_1.1.100.202309141235/tools/bin/../lib/gcc/arm-none-eabi/11.3.1/../../../../arm-none-eabi/lib/thumb/v8-m.main+fp/hard\libc_nano.a(libc_a-closer.o) (errno)
[...]
Memory Configuration

Name             Origin             Length             Attributes
RAM              0x0000000020000000 0x00000000000a0000 xrw
FLASH            0x0000000008000000 0x0000000000100000 xr
*default*        0x0000000000000000 0xffffffffffffffff

Linker script and memory map

LOAD D:/Program FIles/ST/STM32CubeIDE_1.14.1/STM32CubeIDE/plugins/com.st.stm32cube.ide.mcu.externaltools.gnu-tools-for-stm32.11.3.rel1.win32_1.1.100.202309141235/tools/bin/../lib/gcc/arm-none-eabi/11.3.1/thumb/v8-m.main+fp/hard/crti.o
LOAD D:/Program FIles/ST/STM32CubeIDE_1.14.1/STM32CubeIDE/plugins/com.st.stm32cube.ide.mcu.externaltools.gnu-tools-for-stm32.11.3.rel1.win32_1.1.100.202309141235/tools/bin/../lib/gcc/arm-none-eabi/11.3.1/thumb/v8-m.main+fp/hard/crtbegin.o
LOAD D:/Program FIles/ST/STM32CubeIDE_1.14.1/STM32CubeIDE/plugins/com.st.stm32cube.ide.mcu.externaltools.gnu-tools-for-stm32.11.3.rel1.win32_1.1.100.202309141235/tools/bin/../lib/gcc/arm-none-eabi/11.3.1/../../../../arm-none-eabi/lib/thumb/v8-m.main+fp/hard/crt0.o
LOAD ./Core/Src/main.o
LOAD ./Core/Src/stm32h5xx_hal_msp.o
LOAD ./Core/Src/stm32h5xx_it.o
LOAD ./Core/Src/syscalls.o
LOAD ./Core/Src/sysmem.o
LOAD ./Core/Src/system_stm32h5xx.o
LOAD ./Core/Startup/startup_stm32h562rgtx.o
LOAD ./Drivers/STM32H5xx_HAL_Driver/Src/stm32h5xx_hal.o
LOAD ./Drivers/STM32H5xx_HAL_Driver/Src/stm32h5xx_hal_cortex.o
LOAD ./Drivers/STM32H5xx_HAL_Driver/Src/stm32h5xx_hal_dma.o
LOAD ./Drivers/STM32H5xx_HAL_Driver/Src/stm32h5xx_hal_dma_ex.o
LOAD ./Drivers/STM32H5xx_HAL_Driver/Src/stm32h5xx_hal_exti.o
LOAD ./Drivers/STM32H5xx_HAL_Driver/Src/stm32h5xx_hal_fdcan.o
LOAD ./Drivers/STM32H5xx_HAL_Driver/Src/stm32h5xx_hal_flash.o
LOAD ./Drivers/STM32H5xx_HAL_Driver/Src/stm32h5xx_hal_flash_ex.o
LOAD ./Drivers/STM32H5xx_HAL_Driver/Src/stm32h5xx_hal_gpio.o
LOAD ./Drivers/STM32H5xx_HAL_Driver/Src/stm32h5xx_hal_pwr.o
LOAD ./Drivers/STM32H5xx_HAL_Driver/Src/stm32h5xx_hal_pwr_ex.o
LOAD ./Drivers/STM32H5xx_HAL_Driver/Src/stm32h5xx_hal_rcc.o
LOAD ./Drivers/STM32H5xx_HAL_Driver/Src/stm32h5xx_hal_rcc_ex.o
LOAD ./Drivers/STM32H5xx_HAL_Driver/Src/stm32h5xx_hal_uart.o
LOAD ./Drivers/STM32H5xx_HAL_Driver/Src/stm32h5xx_hal_uart_ex.o
START GROUP
LOAD D:/Program FIles/ST/STM32CubeIDE_1.14.1/STM32CubeIDE/plugins/com.st.stm32cube.ide.mcu.externaltools.gnu-tools-for-stm32.11.3.rel1.win32_1.1.100.202309141235/tools/bin/../lib/gcc/arm-none-eabi/11.3.1/../../../../arm-none-eabi/lib/thumb/v8-m.main+fp/hard\libc_nano.a
LOAD D:/Program FIles/ST/STM32CubeIDE_1.14.1/STM32CubeIDE/plugins/com.st.stm32cube.ide.mcu.externaltools.gnu-tools-for-stm32.11.3.rel1.win32_1.1.100.202309141235/tools/bin/../lib/gcc/arm-none-eabi/11.3.1/../../../../arm-none-eabi/lib/thumb/v8-m.main+fp/hard\libm.a
END GROUP
START GROUP
LOAD D:/Program FIles/ST/STM32CubeIDE_1.14.1/STM32CubeIDE/plugins/com.st.stm32cube.ide.mcu.externaltools.gnu-tools-for-stm32.11.3.rel1.win32_1.1.100.202309141235/tools/bin/../lib/gcc/arm-none-eabi/11.3.1/thumb/v8-m.main+fp/hard\libgcc.a
LOAD D:/Program FIles/ST/STM32CubeIDE_1.14.1/STM32CubeIDE/plugins/com.st.stm32cube.ide.mcu.externaltools.gnu-tools-for-stm32.11.3.rel1.win32_1.1.100.202309141235/tools/bin/../lib/gcc/arm-none-eabi/11.3.1/../../../../arm-none-eabi/lib/thumb/v8-m.main+fp/hard\libc_nano.a
END GROUP
START GROUP
LOAD D:/Program FIles/ST/STM32CubeIDE_1.14.1/STM32CubeIDE/plugins/com.st.stm32cube.ide.mcu.externaltools.gnu-tools-for-stm32.11.3.rel1.win32_1.1.100.202309141235/tools/bin/../lib/gcc/arm-none-eabi/11.3.1/thumb/v8-m.main+fp/hard\libgcc.a
LOAD D:/Program FIles/ST/STM32CubeIDE_1.14.1/STM32CubeIDE/plugins/com.st.stm32cube.ide.mcu.externaltools.gnu-tools-for-stm32.11.3.rel1.win32_1.1.100.202309141235/tools/bin/../lib/gcc/arm-none-eabi/11.3.1/../../../../arm-none-eabi/lib/thumb/v8-m.main+fp/hard\libc_nano.a
LOAD D:/Program FIles/ST/STM32CubeIDE_1.14.1/STM32CubeIDE/plugins/com.st.stm32cube.ide.mcu.externaltools.gnu-tools-for-stm32.11.3.rel1.win32_1.1.100.202309141235/tools/bin/../lib/gcc/arm-none-eabi/11.3.1/../../../../arm-none-eabi/lib/thumb/v8-m.main+fp/hard\libnosys.a
END GROUP
START GROUP
LOAD D:/Program FIles/ST/STM32CubeIDE_1.14.1/STM32CubeIDE/plugins/com.st.stm32cube.ide.mcu.externaltools.gnu-tools-for-stm32.11.3.rel1.win32_1.1.100.202309141235/tools/bin/../lib/gcc/arm-none-eabi/11.3.1/thumb/v8-m.main+fp/hard\libgcc.a
LOAD D:/Program FIles/ST/STM32CubeIDE_1.14.1/STM32CubeIDE/plugins/com.st.stm32cube.ide.mcu.externaltools.gnu-tools-for-stm32.11.3.rel1.win32_1.1.100.202309141235/tools/bin/../lib/gcc/arm-none-eabi/11.3.1/../../../../arm-none-eabi/lib/thumb/v8-m.main+fp/hard\libc_nano.a
LOAD D:/Program FIles/ST/STM32CubeIDE_1.14.1/STM32CubeIDE/plugins/com.st.stm32cube.ide.mcu.externaltools.gnu-tools-for-stm32.11.3.rel1.win32_1.1.100.202309141235/tools/bin/../lib/gcc/arm-none-eabi/11.3.1/../../../../arm-none-eabi/lib/thumb/v8-m.main+fp/hard\libnosys.a
END GROUP
LOAD D:/Program FIles/ST/STM32CubeIDE_1.14.1/STM32CubeIDE/plugins/com.st.stm32cube.ide.mcu.externaltools.gnu-tools-for-stm32.11.3.rel1.win32_1.1.100.202309141235/tools/bin/../lib/gcc/arm-none-eabi/11.3.1/thumb/v8-m.main+fp/hard/crtend.o
LOAD D:/Program FIles/ST/STM32CubeIDE_1.14.1/STM32CubeIDE/plugins/com.st.stm32cube.ide.mcu.externaltools.gnu-tools-for-stm32.11.3.rel1.win32_1.1.100.202309141235/tools/bin/../lib/gcc/arm-none-eabi/11.3.1/thumb/v8-m.main+fp/hard/crtn.o
                0x00000000200a0000                _estack = (ORIGIN (RAM) + LENGTH (RAM))
                0x0000000000000200                _Min_Heap_Size = 0x200
                0x0000000000000400                _Min_Stack_Size = 0x400

.isr_vector     0x0000000008000000      0x24c
                0x0000000008000000                . = ALIGN (0x4)
 *(.isr_vector)
 .isr_vector    0x0000000008000000      0x24c ./Core/Startup/startup_stm32h562rgtx.o
                0x0000000008000000                g_pfnVectors
                0x000000000800024c                . = ALIGN (0x4)

.text           0x000000000800024c     0x9608
                0x000000000800024c                . = ALIGN (0x4)
 *(.text)
 .text          0x000000000800024c       0x40 D:/Program FIles/ST/STM32CubeIDE_1.14.1/STM32CubeIDE/plugins/com.st.stm32cube.ide.mcu.externaltools.gnu-tools-for-stm32.11.3.rel1.win32_1.1.100.202309141235/tools/bin/../lib/gcc/arm-none-eabi/11.3.1/thumb/v8-m.main+fp/hard/crtbegin.o
 .text          0x000000000800028c       0x10 D:/Program FIles/ST/STM32CubeIDE_1.14.1/STM32CubeIDE/plugins/com.st.stm32cube.ide.mcu.externaltools.gnu-tools-for-stm32.11.3.rel1.win32_1.1.100.202309141235/tools/bin/../lib/gcc/arm-none-eabi/11.3.1/../../../../arm-none-eabi/lib/thumb/v8-m.main+fp/hard\libc_nano.a(libc_a-strlen.o)
                0x000000000800028c                strlen
 .text          0x000000000800029c       0x30 D:/Program FIles/ST/STM32CubeIDE_1.14.1/STM32CubeIDE/plugins/com.st.stm32cube.ide.mcu.externaltools.gnu-tools-for-stm32.11.3.rel1.win32_1.1.100.202309141235/tools/bin/../lib/gcc/arm-none-eabi/11.3.1/thumb/v8-m.main+fp/hard\libgcc.a(_aeabi_uldivmod.o)
                0x000000000800029c                __aeabi_uldivmod
 .text          0x00000000080002cc      0x2ec D:/Program FIles/ST/STM32CubeIDE_1.14.1/STM32CubeIDE/plugins/com.st.stm32cube.ide.mcu.externaltools.gnu-tools-for-stm32.11.3.rel1.win32_1.1.100.202309141235/tools/bin/../lib/gcc/arm-none-eabi/11.3.1/thumb/v8-m.main+fp/hard\libgcc.a(_udivmoddi4.o)
                0x00000000080002cc                __udivmoddi4
 .text          0x00000000080005b8        0x4 D:/Program FIles/ST/STM32CubeIDE_1.14.1/STM32CubeIDE/plugins/com.st.stm32cube.ide.mcu.externaltools.gnu-tools-for-stm32.11.3.rel1.win32_1.1.100.202309141235/tools/bin/../lib/gcc/arm-none-eabi/11.3.1/thumb/v8-m.main+fp/hard\libgcc.a(_dvmd_tls.o)
                0x00000000080005b8                __aeabi_idiv0
                0x00000000080005b8                __aeabi_ldiv0
 *(.text*)
 .text.send_flow_control_frame
                0x00000000080005bc       0xa8 ./Core/Src/main.o
                0x00000000080005bc                send_flow_control_frame
 .text.process_can_tp_frame
                0x0000000008000664      0x20c ./Core/Src/main.o
                0x0000000008000664                process_can_tp_frame
 .text.HAL_FDCAN_RxFifo0Callback
                0x0000000008000870      0x140 ./Core/Src/main.o
                0x0000000008000870                HAL_FDCAN_RxFifo0Callback
 .text.FDCAN_ConfigFilter
                0x00000000080009b0       0x40 ./Core/Src/main.o
                0x00000000080009b0                FDCAN_ConfigFilter
 .text.main     0x00000000080009f0       0x74 ./Core/Src/main.o
                0x00000000080009f0                main
 .text.SystemClock_Config
                0x0000000008000a64       0xdc ./Core/Src/main.o
                0x0000000008000a64                SystemClock_Config
 .text.MX_FDCAN1_Init
                0x0000000008000b40       0x8c ./Core/Src/main.o
 .text.MX_USART2_UART_Init
                0x0000000008000bcc       0x98 ./Core/Src/main.o
 .text.MX_GPIO_Init
                0x0000000008000c64       0x34 ./Core/Src/main.o
 .text.Error_Handler
                0x0000000008000c98        0xa ./Core/Src/main.o
                0x0000000008000c98                Error_Handler
 .text.HAL_MspInit
                0x0000000008000ca2        0xe ./Core/Src/stm32h5xx_hal_msp.o
                0x0000000008000ca2                HAL_MspInit
 .text.HAL_FDCAN_MspInit
                0x0000000008000cb0      0x140 ./Core/Src/stm32h5xx_hal_msp.o
                0x0000000008000cb0                HAL_FDCAN_MspInit
 .text.HAL_UART_MspInit
                0x0000000008000df0      0x118 ./Core/Src/stm32h5xx_hal_msp.o
                0x0000000008000df0                HAL_UART_MspInit
 .text.NMI_Handler
                0x0000000008000f08        0x6 ./Core/Src/stm32h5xx_it.o
                0x0000000008000f08                NMI_Handler
 .text.HardFault_Handler
                0x0000000008000f0e        0x6 ./Core/Src/stm32h5xx_it.o
                0x0000000008000f0e                HardFault_Handler
 .text.MemManage_Handler
                0x0000000008000f14        0x6 ./Core/Src/stm32h5xx_it.o
                0x0000000008000f14                MemManage_Handler
 .text.BusFault_Handler
                0x0000000008000f1a        0x6 ./Core/Src/stm32h5xx_it.o
                0x0000000008000f1a                BusFault_Handler
 .text.UsageFault_Handler
                0x0000000008000f20        0x6 ./Core/Src/stm32h5xx_it.o
                0x0000000008000f20                UsageFault_Handler
 .text.SVC_Handler
                0x0000000008000f26        0xe ./Core/Src/stm32h5xx_it.o
                0x0000000008000f26                SVC_Handler
 .text.DebugMon_Handler
                0x0000000008000f34        0xe ./Core/Src/stm32h5xx_it.o
                0x0000000008000f34                DebugMon_Handler
 .text.PendSV_Handler
                0x0000000008000f42        0xe ./Core/Src/stm32h5xx_it.o
                0x0000000008000f42                PendSV_Handler
 .text.SysTick_Handler
                0x0000000008000f50        0xc ./Core/Src/stm32h5xx_it.o
                0x0000000008000f50                SysTick_Handler
 .text.FDCAN1_IT0_IRQHandler
                0x0000000008000f5c       0x14 ./Core/Src/stm32h5xx_it.o
                0x0000000008000f5c                FDCAN1_IT0_IRQHandler
 .text.FDCAN1_IT1_IRQHandler
                0x0000000008000f70       0x14 ./Core/Src/stm32h5xx_it.o
                0x0000000008000f70                FDCAN1_IT1_IRQHandler
 .text._sbrk    0x0000000008000f84       0x6c ./Core/Src/sysmem.o
                0x0000000008000f84                _sbrk
 .text.SystemInit
                0x0000000008000ff0       0xf8 ./Core/Src/system_stm32h5xx.o
                0x0000000008000ff0                SystemInit
 .text.Reset_Handler
                0x00000000080010e8       0x50 ./Core/Startup/startup_stm32h562rgtx.o
                0x00000000080010e8                Reset_Handler
 .text.Default_Handler
                0x0000000008001138        0x2 ./Core/Startup/startup_stm32h562rgtx.o
                0x0000000008001138                EXTI2_IRQHandler
                0x0000000008001138                TIM8_TRG_COM_IRQHandler
                0x0000000008001138                TIM8_CC_IRQHandler
                0x0000000008001138                EXTI5_IRQHandler
                0x0000000008001138                I3C1_ER_IRQHandler
                0x0000000008001138                UART8_IRQHandler
                0x0000000008001138                SPI4_IRQHandler
                0x0000000008001138                GPDMA2_Channel1_IRQHandler
                0x0000000008001138                FLASH_S_IRQHandler
                0x0000000008001138                EXTI13_IRQHandler
                0x0000000008001138                TIM1_CC_IRQHandler
                0x0000000008001138                GPDMA2_Channel3_IRQHandler
                0x0000000008001138                TAMP_IRQHandler
                0x0000000008001138                TIM6_IRQHandler
                0x0000000008001138                EXTI12_IRQHandler
                0x0000000008001138                CORDIC_IRQHandler
                0x0000000008001138                USB_DRD_FS_IRQHandler
                0x0000000008001138                EXTI3_IRQHandler
                0x0000000008001138                LPTIM4_IRQHandler
                0x0000000008001138                GPDMA1_Channel5_IRQHandler
                0x0000000008001138                EXTI8_IRQHandler
                0x0000000008001138                GPDMA2_Channel5_IRQHandler
                0x0000000008001138                LPTIM2_IRQHandler
                0x0000000008001138                I2C3_ER_IRQHandler
                0x0000000008001138                GPDMA2_Channel2_IRQHandler
                0x0000000008001138                USART10_IRQHandler
                0x0000000008001138                LPTIM3_IRQHandler
                0x0000000008001138                EXTI0_IRQHandler
                0x0000000008001138                I2C2_EV_IRQHandler
                0x0000000008001138                FPU_IRQHandler
                0x0000000008001138                GPDMA1_Channel3_IRQHandler
                0x0000000008001138                GPDMA1_Channel7_IRQHandler
                0x0000000008001138                RAMCFG_IRQHandler
                0x0000000008001138                DCACHE1_IRQHandler
                0x0000000008001138                SPI1_IRQHandler
                0x0000000008001138                OCTOSPI1_IRQHandler
                0x0000000008001138                GPDMA1_Channel2_IRQHandler
                0x0000000008001138                TIM8_UP_IRQHandler
                0x0000000008001138                RCC_S_IRQHandler
                0x0000000008001138                SAI2_IRQHandler
                0x0000000008001138                ADC1_IRQHandler
                0x0000000008001138                USART6_IRQHandler
                0x0000000008001138                EXTI15_IRQHandler
                0x0000000008001138                TIM17_IRQHandler
                0x0000000008001138                USART3_IRQHandler
                0x0000000008001138                RTC_IRQHandler
                0x0000000008001138                EXTI9_IRQHandler
                0x0000000008001138                LPTIM5_IRQHandler
                0x0000000008001138                UART5_IRQHandler
                0x0000000008001138                TIM4_IRQHandler
                0x0000000008001138                I2C1_EV_IRQHandler
                0x0000000008001138                GPDMA1_Channel1_IRQHandler
                0x0000000008001138                TIM16_IRQHandler
                0x0000000008001138                UART4_IRQHandler
                0x0000000008001138                SecureFault_Handler
                0x0000000008001138                TIM3_IRQHandler
                0x0000000008001138                RCC_IRQHandler
                0x0000000008001138                UART9_IRQHandler
                0x0000000008001138                TIM1_TRG_COM_IRQHandler
                0x0000000008001138                Default_Handler
                0x0000000008001138                FMAC_IRQHandler
                0x0000000008001138                CEC_IRQHandler
                0x0000000008001138                USART11_IRQHandler
                0x0000000008001138                TIM14_IRQHandler
                0x0000000008001138                TIM13_IRQHandler
                0x0000000008001138                GPDMA2_Channel4_IRQHandler
                0x0000000008001138                SPI5_IRQHandler
                0x0000000008001138                TIM12_IRQHandler
                0x0000000008001138                TIM7_IRQHandler
                0x0000000008001138                SDMMC1_IRQHandler
                0x0000000008001138                TIM5_IRQHandler
                0x0000000008001138                UCPD1_IRQHandler
                0x0000000008001138                GPDMA1_Channel0_IRQHandler
                0x0000000008001138                I3C1_EV_IRQHandler
                0x0000000008001138                TIM15_IRQHandler
                0x0000000008001138                PVD_AVD_IRQHandler
                0x0000000008001138                I2C3_EV_IRQHandler
                0x0000000008001138                ADC2_IRQHandler
                0x0000000008001138                SPI2_IRQHandler
                0x0000000008001138                EXTI14_IRQHandler
                0x0000000008001138                EXTI11_IRQHandler
                0x0000000008001138                CRS_IRQHandler
                0x0000000008001138                EXTI4_IRQHandler
                0x0000000008001138                GPDMA2_Channel0_IRQHandler
                0x0000000008001138                RTC_S_IRQHandler
                0x0000000008001138                RNG_IRQHandler
                0x0000000008001138                GPDMA2_Channel6_IRQHandler
                0x0000000008001138                TIM1_UP_IRQHandler
                0x0000000008001138                UART12_IRQHandler
                0x0000000008001138                WWDG_IRQHandler
                0x0000000008001138                SPI6_IRQHandler
                0x0000000008001138                I2C4_EV_IRQHandler
                0x0000000008001138                IWDG_IRQHandler
                0x0000000008001138                LPUART1_IRQHandler
                0x0000000008001138                TIM2_IRQHandler
                0x0000000008001138                GPDMA1_Channel4_IRQHandler
                0x0000000008001138                EXTI7_IRQHandler
                0x0000000008001138                TIM1_BRK_IRQHandler
                0x0000000008001138                EXTI1_IRQHandler
                0x0000000008001138                LPTIM6_IRQHandler
                0x0000000008001138                DAC1_IRQHandler
                0x0000000008001138                DTS_IRQHandler
                0x0000000008001138                UART7_IRQHandler
                0x0000000008001138                GTZC_IRQHandler
                0x0000000008001138                USART2_IRQHandler
                0x0000000008001138                GPDMA1_Channel6_IRQHandler
                0x0000000008001138                GPDMA2_Channel7_IRQHandler
                0x0000000008001138                I2C2_ER_IRQHandler
                0x0000000008001138                TIM8_BRK_IRQHandler
                0x0000000008001138                FLASH_IRQHandler
                0x0000000008001138                USART1_IRQHandler
                0x0000000008001138                EXTI10_IRQHandler
                0x0000000008001138                SPI3_IRQHandler
                0x0000000008001138                I2C1_ER_IRQHandler
                0x0000000008001138                FMC_IRQHandler
                0x0000000008001138                EXTI6_IRQHandler
                0x0000000008001138                LPTIM1_IRQHandler
                0x0000000008001138                DCMI_PSSI_IRQHandler
                0x0000000008001138                I2C4_ER_IRQHandler
                0x0000000008001138                ICACHE_IRQHandler
                0x0000000008001138                SAI1_IRQHandler
                0x0000000008001138                HASH_IRQHandler
 *fill*         0x000000000800113a        0x2 
 .text.HAL_Init
                0x000000000800113c       0x4c ./Drivers/STM32H5xx_HAL_Driver/Src/stm32h5xx_hal.o
                0x000000000800113c                HAL_Init
 .text.HAL_InitTick
                0x0000000008001188       0x6c ./Drivers/STM32H5xx_HAL_Driver/Src/stm32h5xx_hal.o
                0x0000000008001188                HAL_InitTick
 .text.HAL_IncTick
                0x00000000080011f4       0x28 ./Drivers/STM32H5xx_HAL_Driver/Src/stm32h5xx_hal.o
                0x00000000080011f4                HAL_IncTick
 .text.HAL_GetTick
                0x000000000800121c       0x18 ./Drivers/STM32H5xx_HAL_Driver/Src/stm32h5xx_hal.o
                0x000000000800121c                HAL_GetTick
 .text.__NVIC_SetPriorityGrouping
                0x0000000008001234       0x48 ./Drivers/STM32H5xx_HAL_Driver/Src/stm32h5xx_hal_cortex.o
 .text.__NVIC_GetPriorityGrouping
                0x000000000800127c       0x1c ./Drivers/STM32H5xx_HAL_Driver/Src/stm32h5xx_hal_cortex.o
 .text.__NVIC_EnableIRQ
                0x0000000008001298       0x3c ./Drivers/STM32H5xx_HAL_Driver/Src/stm32h5xx_hal_cortex.o
 .text.__NVIC_SetPriority
                0x00000000080012d4       0x54 ./Drivers/STM32H5xx_HAL_Driver/Src/stm32h5xx_hal_cortex.o
 .text.NVIC_EncodePriority
                0x0000000008001328       0x66 ./Drivers/STM32H5xx_HAL_Driver/Src/stm32h5xx_hal_cortex.o
 *fill*         0x000000000800138e        0x2 
 .text.SysTick_Config
                0x0000000008001390       0x44 ./Drivers/STM32H5xx_HAL_Driver/Src/stm32h5xx_hal_cortex.o
 .text.HAL_NVIC_SetPriorityGrouping
                0x00000000080013d4       0x16 ./Drivers/STM32H5xx_HAL_Driver/Src/stm32h5xx_hal_cortex.o
                0x00000000080013d4                HAL_NVIC_SetPriorityGrouping
 .text.HAL_NVIC_SetPriority
                0x00000000080013ea       0x34 ./Drivers/STM32H5xx_HAL_Driver/Src/stm32h5xx_hal_cortex.o
                0x00000000080013ea                HAL_NVIC_SetPriority
 .text.HAL_NVIC_EnableIRQ
                0x000000000800141e       0x1c ./Drivers/STM32H5xx_HAL_Driver/Src/stm32h5xx_hal_cortex.o
                0x000000000800141e                HAL_NVIC_EnableIRQ
 .text.HAL_SYSTICK_Config
                0x000000000800143a       0x18 ./Drivers/STM32H5xx_HAL_Driver/Src/stm32h5xx_hal_cortex.o
                0x000000000800143a                HAL_SYSTICK_Config
 *fill*         0x0000000008001452        0x2 
 .text.HAL_FDCAN_Init
                0x0000000008001454      0x2b4 ./Drivers/STM32H5xx_HAL_Driver/Src/stm32h5xx_hal_fdcan.o
                0x0000000008001454                HAL_FDCAN_Init
 .text.HAL_FDCAN_ConfigFilter
                0x0000000008001708       0xb4 ./Drivers/STM32H5xx_HAL_Driver/Src/stm32h5xx_hal_fdcan.o
                0x0000000008001708                HAL_FDCAN_ConfigFilter
 .text.HAL_FDCAN_Start
                0x00000000080017bc       0x50 ./Drivers/STM32H5xx_HAL_Driver/Src/stm32h5xx_hal_fdcan.o
                0x00000000080017bc                HAL_FDCAN_Start
 .text.HAL_FDCAN_AddMessageToTxFifoQ
                0x000000000800180c       0x88 ./Drivers/STM32H5xx_HAL_Driver/Src/stm32h5xx_hal_fdcan.o
                0x000000000800180c                HAL_FDCAN_AddMessageToTxFifoQ
 .text.HAL_FDCAN_GetRxMessage
                0x0000000008001894      0x210 ./Drivers/STM32H5xx_HAL_Driver/Src/stm32h5xx_hal_fdcan.o
                0x0000000008001894                HAL_FDCAN_GetRxMessage
 .text.HAL_FDCAN_ActivateNotification
                0x0000000008001aa4      0x1cc ./Drivers/STM32H5xx_HAL_Driver/Src/stm32h5xx_hal_fdcan.o
                0x0000000008001aa4                HAL_FDCAN_ActivateNotification
 .text.HAL_FDCAN_IRQHandler
                0x0000000008001c70      0x24a ./Drivers/STM32H5xx_HAL_Driver/Src/stm32h5xx_hal_fdcan.o
                0x0000000008001c70                HAL_FDCAN_IRQHandler
 .text.HAL_FDCAN_TxEventFifoCallback
                0x0000000008001eba       0x16 ./Drivers/STM32H5xx_HAL_Driver/Src/stm32h5xx_hal_fdcan.o
                0x0000000008001eba                HAL_FDCAN_TxEventFifoCallback
 .text.HAL_FDCAN_RxFifo1Callback
                0x0000000008001ed0       0x16 ./Drivers/STM32H5xx_HAL_Driver/Src/stm32h5xx_hal_fdcan.o
                0x0000000008001ed0                HAL_FDCAN_RxFifo1Callback
 .text.HAL_FDCAN_TxFifoEmptyCallback
                0x0000000008001ee6       0x14 ./Drivers/STM32H5xx_HAL_Driver/Src/stm32h5xx_hal_fdcan.o
                0x0000000008001ee6                HAL_FDCAN_TxFifoEmptyCallback
 .text.HAL_FDCAN_TxBufferCompleteCallback
                0x0000000008001efa       0x16 ./Drivers/STM32H5xx_HAL_Driver/Src/stm32h5xx_hal_fdcan.o
                0x0000000008001efa                HAL_FDCAN_TxBufferCompleteCallback
 .text.HAL_FDCAN_TxBufferAbortCallback
                0x0000000008001f10       0x16 ./Drivers/STM32H5xx_HAL_Driver/Src/stm32h5xx_hal_fdcan.o
                0x0000000008001f10                HAL_FDCAN_TxBufferAbortCallback
 .text.HAL_FDCAN_TimestampWraparoundCallback
                0x0000000008001f26       0x14 ./Drivers/STM32H5xx_HAL_Driver/Src/stm32h5xx_hal_fdcan.o
                0x0000000008001f26                HAL_FDCAN_TimestampWraparoundCallback
 .text.HAL_FDCAN_TimeoutOccurredCallback
                0x0000000008001f3a       0x14 ./Drivers/STM32H5xx_HAL_Driver/Src/stm32h5xx_hal_fdcan.o
                0x0000000008001f3a                HAL_FDCAN_TimeoutOccurredCallback
 .text.HAL_FDCAN_HighPriorityMessageCallback
                0x0000000008001f4e       0x14 ./Drivers/STM32H5xx_HAL_Driver/Src/stm32h5xx_hal_fdcan.o
                0x0000000008001f4e                HAL_FDCAN_HighPriorityMessageCallback
 .text.HAL_FDCAN_ErrorCallback
                0x0000000008001f62       0x14 ./Drivers/STM32H5xx_HAL_Driver/Src/stm32h5xx_hal_fdcan.o
                0x0000000008001f62                HAL_FDCAN_ErrorCallback
 .text.HAL_FDCAN_ErrorStatusCallback
                0x0000000008001f76       0x16 ./Drivers/STM32H5xx_HAL_Driver/Src/stm32h5xx_hal_fdcan.o
                0x0000000008001f76                HAL_FDCAN_ErrorStatusCallback
 .text.FDCAN_CalcultateRamBlockAddresses
                0x0000000008001f8c       0xac ./Drivers/STM32H5xx_HAL_Driver/Src/stm32h5xx_hal_fdcan.o
 .text.FDCAN_CopyMessageToRAM
                0x0000000008002038       0xf8 ./Drivers/STM32H5xx_HAL_Driver/Src/stm32h5xx_hal_fdcan.o
 .text.HAL_GPIO_Init
                0x0000000008002130      0x2a4 ./Drivers/STM32H5xx_HAL_Driver/Src/stm32h5xx_hal_gpio.o
                0x0000000008002130                HAL_GPIO_Init
 .text.HAL_RCC_OscConfig
                0x00000000080023d4      0x870 ./Drivers/STM32H5xx_HAL_Driver/Src/stm32h5xx_hal_rcc.o
                0x00000000080023d4                HAL_RCC_OscConfig
 .text.HAL_RCC_ClockConfig
                0x0000000008002c44      0x370 ./Drivers/STM32H5xx_HAL_Driver/Src/stm32h5xx_hal_rcc.o
                0x0000000008002c44                HAL_RCC_ClockConfig
 .text.HAL_RCC_GetSysClockFreq
                0x0000000008002fb4      0x258 ./Drivers/STM32H5xx_HAL_Driver/Src/stm32h5xx_hal_rcc.o
                0x0000000008002fb4                HAL_RCC_GetSysClockFreq
 .text.HAL_RCC_GetHCLKFreq
                0x000000000800320c       0x38 ./Drivers/STM32H5xx_HAL_Driver/Src/stm32h5xx_hal_rcc.o
                0x000000000800320c                HAL_RCC_GetHCLKFreq
 .text.HAL_RCC_GetPCLK1Freq
                0x0000000008003244       0x2c ./Drivers/STM32H5xx_HAL_Driver/Src/stm32h5xx_hal_rcc.o
                0x0000000008003244                HAL_RCC_GetPCLK1Freq
 .text.HAL_RCC_GetPCLK2Freq
                0x0000000008003270       0x2c ./Drivers/STM32H5xx_HAL_Driver/Src/stm32h5xx_hal_rcc.o
                0x0000000008003270                HAL_RCC_GetPCLK2Freq
 .text.HAL_RCC_GetPCLK3Freq
                0x000000000800329c       0x2c ./Drivers/STM32H5xx_HAL_Driver/Src/stm32h5xx_hal_rcc.o
                0x000000000800329c                HAL_RCC_GetPCLK3Freq
 .text.HAL_RCCEx_PeriphCLKConfig
                0x00000000080032c8     0x1e8c ./Drivers/STM32H5xx_HAL_Driver/Src/stm32h5xx_hal_rcc_ex.o
                0x00000000080032c8                HAL_RCCEx_PeriphCLKConfig
 .text.HAL_RCCEx_GetPLL1ClockFreq
                0x0000000008005154      0x2d4 ./Drivers/STM32H5xx_HAL_Driver/Src/stm32h5xx_hal_rcc_ex.o
                0x0000000008005154                HAL_RCCEx_GetPLL1ClockFreq
 .text.HAL_RCCEx_GetPLL2ClockFreq
                0x0000000008005428      0x2d4 ./Drivers/STM32H5xx_HAL_Driver/Src/stm32h5xx_hal_rcc_ex.o
                0x0000000008005428                HAL_RCCEx_GetPLL2ClockFreq
 .text.HAL_RCCEx_GetPLL3ClockFreq
                0x00000000080056fc      0x2d4 ./Drivers/STM32H5xx_HAL_Driver/Src/stm32h5xx_hal_rcc_ex.o
                0x00000000080056fc                HAL_RCCEx_GetPLL3ClockFreq
 .text.HAL_RCCEx_GetPeriphCLKFreq
                0x00000000080059d0     0x264c ./Drivers/STM32H5xx_HAL_Driver/Src/stm32h5xx_hal_rcc_ex.o
                0x00000000080059d0                HAL_RCCEx_GetPeriphCLKFreq
 .text.RCCEx_PLL2_Config
                0x000000000800801c      0x130 ./Drivers/STM32H5xx_HAL_Driver/Src/stm32h5xx_hal_rcc_ex.o
 .text.RCCEx_PLL3_Config
                0x000000000800814c      0x130 ./Drivers/STM32H5xx_HAL_Driver/Src/stm32h5xx_hal_rcc_ex.o
 .text.HAL_UART_Init
                0x000000000800827c       0xa0 ./Drivers/STM32H5xx_HAL_Driver/Src/stm32h5xx_hal_uart.o
                0x000000000800827c                HAL_UART_Init
 .text.HAL_UART_Transmit
                0x000000000800831c      0x13c ./Drivers/STM32H5xx_HAL_Driver/Src/stm32h5xx_hal_uart.o
                0x000000000800831c                HAL_UART_Transmit
 .text.UART_SetConfig
                0x0000000008008458      0x3dc ./Drivers/STM32H5xx_HAL_Driver/Src/stm32h5xx_hal_uart.o
                0x0000000008008458                UART_SetConfig
 .text.UART_AdvFeatureConfig
                0x0000000008008834      0x144 ./Drivers/STM32H5xx_HAL_Driver/Src/stm32h5xx_hal_uart.o
                0x0000000008008834                UART_AdvFeatureConfig
 .text.UART_CheckIdleState
                0x0000000008008978      0x154 ./Drivers/STM32H5xx_HAL_Driver/Src/stm32h5xx_hal_uart.o
                0x0000000008008978                UART_CheckIdleState
 .text.UART_WaitOnFlagUntilTimeout
                0x0000000008008acc       0xce ./Drivers/STM32H5xx_HAL_Driver/Src/stm32h5xx_hal_uart.o
                0x0000000008008acc                UART_WaitOnFlagUntilTimeout
 .text.UART_EndRxTransfer
                0x0000000008008b9a       0xcc ./Drivers/STM32H5xx_HAL_Driver/Src/stm32h5xx_hal_uart.o
 .text.HAL_UARTEx_DisableFifoMode
                0x0000000008008c66       0x72 ./Drivers/STM32H5xx_HAL_Driver/Src/stm32h5xx_hal_uart_ex.o
                0x0000000008008c66                HAL_UARTEx_DisableFifoMode
 .text.HAL_UARTEx_SetTxFifoThreshold
                0x0000000008008cd8       0x7c ./Drivers/STM32H5xx_HAL_Driver/Src/stm32h5xx_hal_uart_ex.o
                0x0000000008008cd8                HAL_UARTEx_SetTxFifoThreshold
 .text.HAL_UARTEx_SetRxFifoThreshold
                0x0000000008008d54       0x7c ./Drivers/STM32H5xx_HAL_Driver/Src/stm32h5xx_hal_uart_ex.o
                0x0000000008008d54                HAL_UARTEx_SetRxFifoThreshold
 .text.UARTEx_SetNbDataToProcess
                0x0000000008008dd0       0x9c ./Drivers/STM32H5xx_HAL_Driver/Src/stm32h5xx_hal_uart_ex.o
 .text.snprintf
                0x0000000008008e6c       0x68 D:/Program FIles/ST/STM32CubeIDE_1.14.1/STM32CubeIDE/plugins/com.st.stm32cube.ide.mcu.externaltools.gnu-tools-for-stm32.11.3.rel1.win32_1.1.100.202309141235/tools/bin/../lib/gcc/arm-none-eabi/11.3.1/../../../../arm-none-eabi/lib/thumb/v8-m.main+fp/hard\libc_nano.a(libc_a-snprintf.o)
                0x0000000008008e6c                sniprintf
                0x0000000008008e6c                snprintf
 .text.sprintf  0x0000000008008ed4       0x40 D:/Program FIles/ST/STM32CubeIDE_1.14.1/STM32CubeIDE/plugins/com.st.stm32cube.ide.mcu.externaltools.gnu-tools-for-stm32.11.3.rel1.win32_1.1.100.202309141235/tools/bin/../lib/gcc/arm-none-eabi/11.3.1/../../../../arm-none-eabi/lib/thumb/v8-m.main+fp/hard\libc_nano.a(libc_a-sprintf.o)
                0x0000000008008ed4                siprintf
                0x0000000008008ed4                sprintf
 .text.memset   0x0000000008008f14       0x10 D:/Program FIles/ST/STM32CubeIDE_1.14.1/STM32CubeIDE/plugins/com.st.stm32cube.ide.mcu.externaltools.gnu-tools-for-stm32.11.3.rel1.win32_1.1.100.202309141235/tools/bin/../lib/gcc/arm-none-eabi/11.3.1/../../../../arm-none-eabi/lib/thumb/v8-m.main+fp/hard\libc_nano.a(libc_a-memset.o)
                0x0000000008008f14                memset
 .text.__errno  0x0000000008008f24        0xc D:/Program FIles/ST/STM32CubeIDE_1.14.1/STM32CubeIDE/plugins/com.st.stm32cube.ide.mcu.externaltools.gnu-tools-for-stm32.11.3.rel1.win32_1.1.100.202309141235/tools/bin/../lib/gcc/arm-none-eabi/11.3.1/../../../../arm-none-eabi/lib/thumb/v8-m.main+fp/hard\libc_nano.a(libc_a-errno.o)
                0x0000000008008f24                __errno
 .text.__libc_init_array
                0x0000000008008f30       0x48 D:/Program FIles/ST/STM32CubeIDE_1.14.1/STM32CubeIDE/plugins/com.st.stm32cube.ide.mcu.externaltools.gnu-tools-for-stm32.11.3.rel1.win32_1.1.100.202309141235/tools/bin/../lib/gcc/arm-none-eabi/11.3.1/../../../../arm-none-eabi/lib/thumb/v8-m.main+fp/hard\libc_nano.a(libc_a-init.o)
                0x0000000008008f30                __libc_init_array
 .text.__retarget_lock_acquire_recursive
                0x0000000008008f78        0x2 D:/Program FIles/ST/STM32CubeIDE_1.14.1/STM32CubeIDE/plugins/com.st.stm32cube.ide.mcu.externaltools.gnu-tools-for-stm32.11.3.rel1.win32_1.1.100.202309141235/tools/bin/../lib/gcc/arm-none-eabi/11.3.1/../../../../arm-none-eabi/lib/thumb/v8-m.main+fp/hard\libc_nano.a(libc_a-lock.o)
                0x0000000008008f78                __retarget_lock_acquire_recursive
 .text.__retarget_lock_release_recursive
                0x0000000008008f7a        0x2 D:/Program FIles/ST/STM32CubeIDE_1.14.1/STM32CubeIDE/plugins/com.st.stm32cube.ide.mcu.externaltools.gnu-tools-for-stm32.11.3.rel1.win32_1.1.100.202309141235/tools/bin/../lib/gcc/arm-none-eabi/11.3.1/../../../../arm-none-eabi/lib/thumb/v8-m.main+fp/hard\libc_nano.a(libc_a-lock.o)
                0x0000000008008f7a                __retarget_lock_release_recursive
 .text.memcpy   0x0000000008008f7c       0x1a D:/Program FIles/ST/STM32CubeIDE_1.14.1/STM32CubeIDE/plugins/com.st.stm32cube.ide.mcu.externaltools.gnu-tools-for-stm32.11.3.rel1.win32_1.1.100.202309141235/tools/bin/../lib/gcc/arm-none-eabi/11.3.1/../../../../arm-none-eabi/lib/thumb/v8-m.main+fp/hard\libc_nano.a(libc_a-memcpy-stub.o)
                0x0000000008008f7c                memcpy
 *fill*         0x0000000008008f96        0x2 
 .text._free_r  0x0000000008008f98       0x98 D:/Program FIles/ST/STM32CubeIDE_1.14.1/STM32CubeIDE/plugins/com.st.stm32cube.ide.mcu.externaltools.gnu-tools-for-stm32.11.3.rel1.win32_1.1.100.202309141235/tools/bin/../lib/gcc/arm-none-eabi/11.3.1/../../../../arm-none-eabi/lib/thumb/v8-m.main+fp/hard\libc_nano.a(libc_a-freer.o)
                0x0000000008008f98                _free_r
 .text.sbrk_aligned
                0x0000000008009030       0x40 D:/Program FIles/ST/STM32CubeIDE_1.14.1/STM32CubeIDE/plugins/com.st.stm32cube.ide.mcu.externaltools.gnu-tools-for-stm32.11.3.rel1.win32_1.1.100.202309141235/tools/bin/../lib/gcc/arm-none-eabi/11.3.1/../../../../arm-none-eabi/lib/thumb/v8-m.main+fp/hard\libc_nano.a(libc_a-mallocr.o)
 .text._malloc_r
                0x0000000008009070      0x100 D:/Program FIles/ST/STM32CubeIDE_1.14.1/STM32CubeIDE/plugins/com.st.stm32cube.ide.mcu.externaltools.gnu-tools-for-stm32.11.3.rel1.win32_1.1.100.202309141235/tools/bin/../lib/gcc/arm-none-eabi/11.3.1/../../../../arm-none-eabi/lib/thumb/v8-m.main+fp/hard\libc_nano.a(libc_a-mallocr.o)
                0x0000000008009070                _malloc_r
 .text.__malloc_lock
                0x0000000008009170        0xc D:/Program FIles/ST/STM32CubeIDE_1.14.1/STM32CubeIDE/plugins/com.st.stm32cube.ide.mcu.externaltools.gnu-tools-for-stm32.11.3.rel1.win32_1.1.100.202309141235/tools/bin/../lib/gcc/arm-none-eabi/11.3.1/../../../../arm-none-eabi/lib/thumb/v8-m.main+fp/hard\libc_nano.a(libc_a-mlock.o)
                0x0000000008009170                __malloc_lock
 .text.__malloc_unlock
                0x000000000800917c        0xc D:/Program FIles/ST/STM32CubeIDE_1.14.1/STM32CubeIDE/plugins/com.st.stm32cube.ide.mcu.externaltools.gnu-tools-for-stm32.11.3.rel1.win32_1.1.100.202309141235/tools/bin/../lib/gcc/arm-none-eabi/11.3.1/../../../../arm-none-eabi/lib/thumb/v8-m.main+fp/hard\libc_nano.a(libc_a-mlock.o)
                0x000000000800917c                __malloc_unlock
 .text.__ssputs_r
                0x0000000008009188       0xb4 D:/Program FIles/ST/STM32CubeIDE_1.14.1/STM32CubeIDE/plugins/com.st.stm32cube.ide.mcu.externaltools.gnu-tools-for-stm32.11.3.rel1.win32_1.1.100.202309141235/tools/bin/../lib/gcc/arm-none-eabi/11.3.1/../../../../arm-none-eabi/lib/thumb/v8-m.main+fp/hard\libc_nano.a(libc_a-nano-svfprintf.o)
                0x0000000008009188                __ssputs_r
 .text._svfprintf_r
                0x000000000800923c      0x1fc D:/Program FIles/ST/STM32CubeIDE_1.14.1/STM32CubeIDE/plugins/com.st.stm32cube.ide.mcu.externaltools.gnu-tools-for-stm32.11.3.rel1.win32_1.1.100.202309141235/tools/bin/../lib/gcc/arm-none-eabi/11.3.1/../../../../arm-none-eabi/lib/thumb/v8-m.main+fp/hard\libc_nano.a(libc_a-nano-svfprintf.o)
                0x000000000800923c                _svfiprintf_r
                0x000000000800923c                _svfprintf_r
 .text._printf_common
                0x0000000008009438       0xe4 D:/Program FIles/ST/STM32CubeIDE_1.14.1/STM32CubeIDE/plugins/com.st.stm32cube.ide.mcu.externaltools.gnu-tools-for-stm32.11.3.rel1.win32_1.1.100.202309141235/tools/bin/../lib/gcc/arm-none-eabi/11.3.1/../../../../arm-none-eabi/lib/thumb/v8-m.main+fp/hard\libc_nano.a(libc_a-nano-vfprintf_i.o)
                0x0000000008009438                _printf_common
 .text._printf_i
                0x000000000800951c      0x240 D:/Program FIles/ST/STM32CubeIDE_1.14.1/STM32CubeIDE/plugins/com.st.stm32cube.ide.mcu.externaltools.gnu-tools-for-stm32.11.3.rel1.win32_1.1.100.202309141235/tools/bin/../lib/gcc/arm-none-eabi/11.3.1/../../../../arm-none-eabi/lib/thumb/v8-m.main+fp/hard\libc_nano.a(libc_a-nano-vfprintf_i.o)
                0x000000000800951c                _printf_i
 .text.memmove  0x000000000800975c       0x34 D:/Program FIles/ST/STM32CubeIDE_1.14.1/STM32CubeIDE/plugins/com.st.stm32cube.ide.mcu.externaltools.gnu-tools-for-stm32.11.3.rel1.win32_1.1.100.202309141235/tools/bin/../lib/gcc/arm-none-eabi/11.3.1/../../../../arm-none-eabi/lib/thumb/v8-m.main+fp/hard\libc_nano.a(libc_a-memmove.o)
                0x000000000800975c                memmove
 .text._sbrk_r  0x0000000008009790       0x20 D:/Program FIles/ST/STM32CubeIDE_1.14.1/STM32CubeIDE/plugins/com.st.stm32cube.ide.mcu.externaltools.gnu-tools-for-stm32.11.3.rel1.win32_1.1.100.202309141235/tools/bin/../lib/gcc/arm-none-eabi/11.3.1/../../../../arm-none-eabi/lib/thumb/v8-m.main+fp/hard\libc_nano.a(libc_a-sbrkr.o)
                0x0000000008009790                _sbrk_r
 .text.memchr   0x00000000080097b0       0x1c D:/Program FIles/ST/STM32CubeIDE_1.14.1/STM32CubeIDE/plugins/com.st.stm32cube.ide.mcu.externaltools.gnu-tools-for-stm32.11.3.rel1.win32_1.1.100.202309141235/tools/bin/../lib/gcc/arm-none-eabi/11.3.1/../../../../arm-none-eabi/lib/thumb/v8-m.main+fp/hard\libc_nano.a(libc_a-memchr-stub.o)
                0x00000000080097b0                memchr
 .text._realloc_r
                0x00000000080097cc       0x5e D:/Program FIles/ST/STM32CubeIDE_1.14.1/STM32CubeIDE/plugins/com.st.stm32cube.ide.mcu.externaltools.gnu-tools-for-stm32.11.3.rel1.win32_1.1.100.202309141235/tools/bin/../lib/gcc/arm-none-eabi/11.3.1/../../../../arm-none-eabi/lib/thumb/v8-m.main+fp/hard\libc_nano.a(libc_a-reallocr.o)
                0x00000000080097cc                _realloc_r
 .text._malloc_usable_size_r
                0x000000000800982a       0x10 D:/Program FIles/ST/STM32CubeIDE_1.14.1/STM32CubeIDE/plugins/com.st.stm32cube.ide.mcu.externaltools.gnu-tools-for-stm32.11.3.rel1.win32_1.1.100.202309141235/tools/bin/../lib/gcc/arm-none-eabi/11.3.1/../../../../arm-none-eabi/lib/thumb/v8-m.main+fp/hard\libc_nano.a(libc_a-msizer.o)
                0x000000000800982a                _malloc_usable_size_r
 *(.glue_7)
 .glue_7        0x000000000800983a        0x0 linker stubs
 *(.glue_7t)
 .glue_7t       0x000000000800983a        0x0 linker stubs
 *(.eh_frame)
 *fill*         0x000000000800983a        0x2 
 .eh_frame      0x000000000800983c        0x0 D:/Program FIles/ST/STM32CubeIDE_1.14.1/STM32CubeIDE/plugins/com.st.stm32cube.ide.mcu.externaltools.gnu-tools-for-stm32.11.3.rel1.win32_1.1.100.202309141235/tools/bin/../lib/gcc/arm-none-eabi/11.3.1/thumb/v8-m.main+fp/hard/crtbegin.o
 *(.init)
 .init          0x000000000800983c        0x4 D:/Program FIles/ST/STM32CubeIDE_1.14.1/STM32CubeIDE/plugins/com.st.stm32cube.ide.mcu.externaltools.gnu-tools-for-stm32.11.3.rel1.win32_1.1.100.202309141235/tools/bin/../lib/gcc/arm-none-eabi/11.3.1/thumb/v8-m.main+fp/hard/crti.o
                0x000000000800983c                _init
 .init          0x0000000008009840        0x8 D:/Program FIles/ST/STM32CubeIDE_1.14.1/STM32CubeIDE/plugins/com.st.stm32cube.ide.mcu.externaltools.gnu-tools-for-stm32.11.3.rel1.win32_1.1.100.202309141235/tools/bin/../lib/gcc/arm-none-eabi/11.3.1/thumb/v8-m.main+fp/hard/crtn.o
 *(.fini)
 .fini          0x0000000008009848        0x4 D:/Program FIles/ST/STM32CubeIDE_1.14.1/STM32CubeIDE/plugins/com.st.stm32cube.ide.mcu.externaltools.gnu-tools-for-stm32.11.3.rel1.win32_1.1.100.202309141235/tools/bin/../lib/gcc/arm-none-eabi/11.3.1/thumb/v8-m.main+fp/hard/crti.o
                0x0000000008009848                _fini
 .fini          0x000000000800984c        0x8 D:/Program FIles/ST/STM32CubeIDE_1.14.1/STM32CubeIDE/plugins/com.st.stm32cube.ide.mcu.externaltools.gnu-tools-for-stm32.11.3.rel1.win32_1.1.100.202309141235/tools/bin/../lib/gcc/arm-none-eabi/11.3.1/thumb/v8-m.main+fp/hard/crtn.o
                0x0000000008009854                . = ALIGN (0x4)
                0x0000000008009854                _etext = .

.vfp11_veneer   0x0000000008009854        0x0
 .vfp11_veneer  0x0000000008009854        0x0 linker stubs

.v4_bx          0x0000000008009854        0x0
 .v4_bx         0x0000000008009854        0x0 linker stubs

.iplt           0x0000000008009854        0x0
 .iplt          0x0000000008009854        0x0 D:/Program FIles/ST/STM32CubeIDE_1.14.1/STM32CubeIDE/plugins/com.st.stm32cube.ide.mcu.externaltools.gnu-tools-for-stm32.11.3.rel1.win32_1.1.100.202309141235/tools/bin/../lib/gcc/arm-none-eabi/11.3.1/thumb/v8-m.main+fp/hard/crtbegin.o

.rodata         0x0000000008009854      0x178
                0x0000000008009854                . = ALIGN (0x4)
 *(.rodata)
 .rodata        0x0000000008009854       0xf3 ./Core/Src/main.o
 *(.rodata*)
 *fill*         0x0000000008009947        0x1 
 .rodata.AHBPrescTable
                0x0000000008009948       0x10 ./Core/Src/system_stm32h5xx.o
                0x0000000008009948                AHBPrescTable
 .rodata.APBPrescTable
                0x0000000008009958        0x8 ./Core/Src/system_stm32h5xx.o
                0x0000000008009958                APBPrescTable
 .rodata.DLCtoBytes
                0x0000000008009960       0x10 ./Drivers/STM32H5xx_HAL_Driver/Src/stm32h5xx_hal_fdcan.o
 .rodata.UARTPrescTable
                0x0000000008009970       0x18 ./Drivers/STM32H5xx_HAL_Driver/Src/stm32h5xx_hal_uart.o
                0x0000000008009970                UARTPrescTable
 .rodata.numerator.1
                0x0000000008009988        0x8 ./Drivers/STM32H5xx_HAL_Driver/Src/stm32h5xx_hal_uart_ex.o
 .rodata.denominator.0
                0x0000000008009990        0x8 ./Drivers/STM32H5xx_HAL_Driver/Src/stm32h5xx_hal_uart_ex.o
 .rodata._svfprintf_r.str1.1
                0x0000000008009998       0x11 D:/Program FIles/ST/STM32CubeIDE_1.14.1/STM32CubeIDE/plugins/com.st.stm32cube.ide.mcu.externaltools.gnu-tools-for-stm32.11.3.rel1.win32_1.1.100.202309141235/tools/bin/../lib/gcc/arm-none-eabi/11.3.1/../../../../arm-none-eabi/lib/thumb/v8-m.main+fp/hard\libc_nano.a(libc_a-nano-svfprintf.o)
 .rodata._printf_i.str1.1
                0x00000000080099a9       0x22 D:/Program FIles/ST/STM32CubeIDE_1.14.1/STM32CubeIDE/plugins/com.st.stm32cube.ide.mcu.externaltools.gnu-tools-for-stm32.11.3.rel1.win32_1.1.100.202309141235/tools/bin/../lib/gcc/arm-none-eabi/11.3.1/../../../../arm-none-eabi/lib/thumb/v8-m.main+fp/hard\libc_nano.a(libc_a-nano-vfprintf_i.o)
                0x00000000080099cc                . = ALIGN (0x4)
 *fill*         0x00000000080099cb        0x1 

.ARM.extab      0x00000000080099cc        0x0
                0x00000000080099cc                . = ALIGN (0x4)
 *(.ARM.extab* .gnu.linkonce.armextab.*)
                0x00000000080099cc                . = ALIGN (0x4)

.ARM            0x00000000080099cc        0x8
                0x00000000080099cc                . = ALIGN (0x4)
                0x00000000080099cc                __exidx_start = .
 *(.ARM.exidx*)
 .ARM.exidx     0x00000000080099cc        0x8 D:/Program FIles/ST/STM32CubeIDE_1.14.1/STM32CubeIDE/plugins/com.st.stm32cube.ide.mcu.externaltools.gnu-tools-for-stm32.11.3.rel1.win32_1.1.100.202309141235/tools/bin/../lib/gcc/arm-none-eabi/11.3.1/thumb/v8-m.main+fp/hard\libgcc.a(_udivmoddi4.o)
                0x00000000080099d4                __exidx_end = .
                0x00000000080099d4                . = ALIGN (0x4)

.rel.dyn        0x00000000080099d4        0x0
 .rel.iplt      0x00000000080099d4        0x0 D:/Program FIles/ST/STM32CubeIDE_1.14.1/STM32CubeIDE/plugins/com.st.stm32cube.ide.mcu.externaltools.gnu-tools-for-stm32.11.3.rel1.win32_1.1.100.202309141235/tools/bin/../lib/gcc/arm-none-eabi/11.3.1/thumb/v8-m.main+fp/hard/crtbegin.o

.preinit_array  0x00000000080099d4        0x0
                0x00000000080099d4                . = ALIGN (0x4)
                0x00000000080099d4                PROVIDE (__preinit_array_start = .)
 *(.preinit_array*)
                0x00000000080099d4                PROVIDE (__preinit_array_end = .)
                0x00000000080099d4                . = ALIGN (0x4)

.init_array     0x00000000080099d4        0x4
                0x00000000080099d4                . = ALIGN (0x4)
                0x00000000080099d4                PROVIDE (__init_array_start = .)
 *(SORT_BY_NAME(.init_array.*))
 *(.init_array*)
 .init_array    0x00000000080099d4        0x4 D:/Program FIles/ST/STM32CubeIDE_1.14.1/STM32CubeIDE/plugins/com.st.stm32cube.ide.mcu.externaltools.gnu-tools-for-stm32.11.3.rel1.win32_1.1.100.202309141235/tools/bin/../lib/gcc/arm-none-eabi/11.3.1/thumb/v8-m.main+fp/hard/crtbegin.o
                0x00000000080099d8                PROVIDE (__init_array_end = .)
                0x00000000080099d8                . = ALIGN (0x4)

.fini_array     0x00000000080099d8        0x4
                0x00000000080099d8                . = ALIGN (0x4)
                [!provide]                        PROVIDE (__fini_array_start = .)
 *(SORT_BY_NAME(.fini_array.*))
 *(.fini_array*)
 .fini_array    0x00000000080099d8        0x4 D:/Program FIles/ST/STM32CubeIDE_1.14.1/STM32CubeIDE/plugins/com.st.stm32cube.ide.mcu.externaltools.gnu-tools-for-stm32.11.3.rel1.win32_1.1.100.202309141235/tools/bin/../lib/gcc/arm-none-eabi/11.3.1/thumb/v8-m.main+fp/hard/crtbegin.o
                [!provide]                        PROVIDE (__fini_array_end = .)
                0x00000000080099dc                . = ALIGN (0x4)
                0x00000000080099dc                _sidata = LOADADDR (.data)

.data           0x0000000020000000       0x5c load address 0x00000000080099dc
                0x0000000020000000                . = ALIGN (0x4)
                0x0000000020000000                _sdata = .
 *(.data)
 *(.data*)
 .data.SystemCoreClock
                0x0000000020000000        0x4 ./Core/Src/system_stm32h5xx.o
                0x0000000020000000                SystemCoreClock
 .data.uwTickPrio
                0x0000000020000004        0x4 ./Drivers/STM32H5xx_HAL_Driver/Src/stm32h5xx_hal.o
                0x0000000020000004                uwTickPrio
 .data.uwTickFreq
                0x0000000020000008        0x1 ./Drivers/STM32H5xx_HAL_Driver/Src/stm32h5xx_hal.o
                0x0000000020000008                uwTickFreq
 *fill*         0x0000000020000009        0x3 
 .data._impure_data
                0x000000002000000c       0x4c D:/Program FIles/ST/STM32CubeIDE_1.14.1/STM32CubeIDE/plugins/com.st.stm32cube.ide.mcu.externaltools.gnu-tools-for-stm32.11.3.rel1.win32_1.1.100.202309141235/tools/bin/../lib/gcc/arm-none-eabi/11.3.1/../../../../arm-none-eabi/lib/thumb/v8-m.main+fp/hard\libc_nano.a(libc_a-impure.o)
                0x000000002000000c                _impure_data
 .data._impure_ptr
                0x0000000020000058        0x4 D:/Program FIles/ST/STM32CubeIDE_1.14.1/STM32CubeIDE/plugins/com.st.stm32cube.ide.mcu.externaltools.gnu-tools-for-stm32.11.3.rel1.win32_1.1.100.202309141235/tools/bin/../lib/gcc/arm-none-eabi/11.3.1/../../../../arm-none-eabi/lib/thumb/v8-m.main+fp/hard\libc_nano.a(libc_a-impure.o)
                0x0000000020000058                _impure_ptr
 *(.RamFunc)
 *(.RamFunc*)
                0x000000002000005c                . = ALIGN (0x4)
                0x000000002000005c                _edata = .

.igot.plt       0x000000002000005c        0x0 load address 0x0000000008009a38
 .igot.plt      0x000000002000005c        0x0 D:/Program FIles/ST/STM32CubeIDE_1.14.1/STM32CubeIDE/plugins/com.st.stm32cube.ide.mcu.externaltools.gnu-tools-for-stm32.11.3.rel1.win32_1.1.100.202309141235/tools/bin/../lib/gcc/arm-none-eabi/11.3.1/thumb/v8-m.main+fp/hard/crtbegin.o
                0x000000002000005c                . = ALIGN (0x4)

.bss            0x000000002000005c      0x3c4 load address 0x0000000008009a38
                0x000000002000005c                _sbss = .
                0x000000002000005c                __bss_start__ = _sbss
 *(.bss)
 .bss           0x000000002000005c       0x1c D:/Program FIles/ST/STM32CubeIDE_1.14.1/STM32CubeIDE/plugins/com.st.stm32cube.ide.mcu.externaltools.gnu-tools-for-stm32.11.3.rel1.win32_1.1.100.202309141235/tools/bin/../lib/gcc/arm-none-eabi/11.3.1/thumb/v8-m.main+fp/hard/crtbegin.o
 *(.bss*)
 .bss.hfdcan1   0x0000000020000078       0x64 ./Core/Src/main.o
                0x0000000020000078                hfdcan1
 .bss.huart2    0x00000000200000dc       0x94 ./Core/Src/main.o
                0x00000000200000dc                huart2
 .bss.g_tp_receiver_state
                0x0000000020000170        0x1 ./Core/Src/main.o
                0x0000000020000170                g_tp_receiver_state
 *fill*         0x0000000020000171        0x3 
 .bss.g_tp_reassembly_buffer
                0x0000000020000174      0x100 ./Core/Src/main.o
                0x0000000020000174                g_tp_reassembly_buffer
 .bss.g_tp_total_size
                0x0000000020000274        0x2 ./Core/Src/main.o
                0x0000000020000274                g_tp_total_size
 .bss.g_tp_bytes_received
                0x0000000020000276        0x2 ./Core/Src/main.o
                0x0000000020000276                g_tp_bytes_received
 .bss.g_tp_expected_seq_num
                0x0000000020000278        0x1 ./Core/Src/main.o
                0x0000000020000278                g_tp_expected_seq_num
 .bss.g_tp_message_ready
                0x0000000020000279        0x1 ./Core/Src/main.o
                0x0000000020000279                g_tp_message_ready
 *fill*         0x000000002000027a        0x2 
 .bss.g_tx_header
                0x000000002000027c       0x24 ./Core/Src/main.o
                0x000000002000027c                g_tx_header
 .bss.g_rx_header
                0x00000000200002a0       0x28 ./Core/Src/main.o
                0x00000000200002a0                g_rx_header
 .bss.g_rx_data
                0x00000000200002c8        0x8 ./Core/Src/main.o
                0x00000000200002c8                g_rx_data
 .bss.__sbrk_heap_end
                0x00000000200002d0        0x4 ./Core/Src/sysmem.o
 .bss.uwTick    0x00000000200002d4        0x4 ./Drivers/STM32H5xx_HAL_Driver/Src/stm32h5xx_hal.o
                0x00000000200002d4                uwTick
 .bss.__sf      0x00000000200002d8      0x138 D:/Program FIles/ST/STM32CubeIDE_1.14.1/STM32CubeIDE/plugins/com.st.stm32cube.ide.mcu.externaltools.gnu-tools-for-stm32.11.3.rel1.win32_1.1.100.202309141235/tools/bin/../lib/gcc/arm-none-eabi/11.3.1/../../../../arm-none-eabi/lib/thumb/v8-m.main+fp/hard\libc_nano.a(libc_a-findfp.o)
                0x00000000200002d8                __sf
 .bss.errno     0x0000000020000410        0x4 D:/Program FIles/ST/STM32CubeIDE_1.14.1/STM32CubeIDE/plugins/com.st.stm32cube.ide.mcu.externaltools.gnu-tools-for-stm32.11.3.rel1.win32_1.1.100.202309141235/tools/bin/../lib/gcc/arm-none-eabi/11.3.1/../../../../arm-none-eabi/lib/thumb/v8-m.main+fp/hard\libc_nano.a(libc_a-reent.o)
                0x0000000020000410                errno
 .bss.__lock___malloc_recursive_mutex
                0x0000000020000414        0x1 D:/Program FIles/ST/STM32CubeIDE_1.14.1/STM32CubeIDE/plugins/com.st.stm32cube.ide.mcu.externaltools.gnu-tools-for-stm32.11.3.rel1.win32_1.1.100.202309141235/tools/bin/../lib/gcc/arm-none-eabi/11.3.1/../../../../arm-none-eabi/lib/thumb/v8-m.main+fp/hard\libc_nano.a(libc_a-lock.o)
                0x0000000020000414                __lock___malloc_recursive_mutex
 *fill*         0x0000000020000415        0x3 
 .bss.__malloc_free_list
                0x0000000020000418        0x4 D:/Program FIles/ST/STM32CubeIDE_1.14.1/STM32CubeIDE/plugins/com.st.stm32cube.ide.mcu.externaltools.gnu-tools-for-stm32.11.3.rel1.win32_1.1.100.202309141235/tools/bin/../lib/gcc/arm-none-eabi/11.3.1/../../../../arm-none-eabi/lib/thumb/v8-m.main+fp/hard\libc_nano.a(libc_a-mallocr.o)
                0x0000000020000418                __malloc_free_list
 .bss.__malloc_sbrk_start
                0x000000002000041c        0x4 D:/Program FIles/ST/STM32CubeIDE_1.14.1/STM32CubeIDE/plugins/com.st.stm32cube.ide.mcu.externaltools.gnu-tools-for-stm32.11.3.rel1.win32_1.1.100.202309141235/tools/bin/../lib/gcc/arm-none-eabi/11.3.1/../../../../arm-none-eabi/lib/thumb/v8-m.main+fp/hard\libc_nano.a(libc_a-mallocr.o)
                0x000000002000041c                __malloc_sbrk_start
 *(COMMON)
                0x0000000020000420                . = ALIGN (0x4)
                0x0000000020000420                _ebss = .
                0x0000000020000420                __bss_end__ = _ebss

._user_heap_stack
                0x0000000020000420      0x600 load address 0x0000000008009a38
                0x0000000020000420                . = ALIGN (0x8)
                [!provide]                        PROVIDE (end = .)
                0x0000000020000420                PROVIDE (_end = .)
                0x0000000020000620                . = (. + _Min_Heap_Size)
 *fill*         0x0000000020000420      0x200 
                0x0000000020000a20                . = (. + _Min_Stack_Size)
 *fill*         0x0000000020000620      0x400 
                0x0000000020000a20                . = ALIGN (0x8)

/DISCARD/
 libc.a(*)
 libm.a(*)
 libgcc.a(*)

.ARM.attributes
                0x0000000000000000       0x36
 *(.ARM.attributes)
 .ARM.attributes
                0x0000000000000000       0x22 D:/Program FIles/ST/STM32CubeIDE_1.14.1/STM32CubeIDE/plugins/com.st.stm32cube.ide.mcu.externaltools.gnu-tools-for-stm32.11.3.rel1.win32_1.1.100.202309141235/tools/bin/../lib/gcc/arm-none-eabi/11.3.1/thumb/v8-m.main+fp/hard/crti.o
 .ARM.attributes
                0x0000000000000022       0x38 D:/Program FIles/ST/STM32CubeIDE_1.14.1/STM32CubeIDE/plugins/com.st.stm32cube.ide.mcu.externaltools.gnu-tools-for-stm32.11.3.rel1.win32_1.1.100.202309141235/tools/bin/../lib/gcc/arm-none-eabi/11.3.1/thumb/v8-m.main+fp/hard/crtbegin.o
 .ARM.attributes
                0x000000000000005a       0x3a ./Core/Src/main.o
 .ARM.attributes
                0x0000000000000094       0x3a ./Core/Src/stm32h5xx_hal_msp.o
 .ARM.attributes
                0x00000000000000ce       0x3a ./Core/Src/stm32h5xx_it.o
 .ARM.attributes
                0x0000000000000108       0x3a ./Core/Src/sysmem.o
 .ARM.attributes
                0x0000000000000142       0x3a ./Core/Src/system_stm32h5xx.o
 .ARM.attributes
                0x000000000000017c       0x24 ./Core/Startup/startup_stm32h562rgtx.o
 .ARM.attributes
                0x00000000000001a0       0x3a ./Drivers/STM32H5xx_HAL_Driver/Src/stm32h5xx_hal.o
 .ARM.attributes
                0x00000000000001da       0x3a ./Drivers/STM32H5xx_HAL_Driver/Src/stm32h5xx_hal_cortex.o
 .ARM.attributes
                0x0000000000000214       0x3a ./Drivers/STM32H5xx_HAL_Driver/Src/stm32h5xx_hal_fdcan.o
 .ARM.attributes
                0x000000000000024e       0x3a ./Drivers/STM32H5xx_HAL_Driver/Src/stm32h5xx_hal_gpio.o
 .ARM.attributes
                0x0000000000000288       0x3a ./Drivers/STM32H5xx_HAL_Driver/Src/stm32h5xx_hal_rcc.o
 .ARM.attributes
                0x00000000000002c2       0x3a ./Drivers/STM32H5xx_HAL_Driver/Src/stm32h5xx_hal_rcc_ex.o
 .ARM.attributes
                0x00000000000002fc       0x3a ./Drivers/STM32H5xx_HAL_Driver/Src/stm32h5xx_hal_uart.o
 .ARM.attributes
                0x0000000000000336       0x3a ./Drivers/STM32H5xx_HAL_Driver/Src/stm32h5xx_hal_uart_ex.o
 .ARM.attributes
                0x0000000000000370       0x38 D:/Program FIles/ST/STM32CubeIDE_1.14.1/STM32CubeIDE/plugins/com.st.stm32cube.ide.mcu.externaltools.gnu-tools-for-stm32.11.3.rel1.win32_1.1.100.202309141235/tools/bin/../lib/gcc/arm-none-eabi/11.3.1/../../../../arm-none-eabi/lib/thumb/v8-m.main+fp/hard\libc_nano.a(libc_a-findfp.o)
 .ARM.attributes
                0x00000000000003a8       0x38 D:/Program FIles/ST/STM32CubeIDE_1.14.1/STM32CubeIDE/plugins/com.st.stm32cube.ide.mcu.externaltools.gnu-tools-for-stm32.11.3.rel1.win32_1.1.100.202309141235/tools/bin/../lib/gcc/arm-none-eabi/11.3.1/../../../../arm-none-eabi/lib/thumb/v8-m.main+fp/hard\libc_nano.a(libc_a-snprintf.o)
 .ARM.attributes
                0x00000000000003e0       0x38 D:/Program FIles/ST/STM32CubeIDE_1.14.1/STM32CubeIDE/plugins/com.st.stm32cube.ide.mcu.externaltools.gnu-tools-for-stm32.11.3.rel1.win32_1.1.100.202309141235/tools/bin/../lib/gcc/arm-none-eabi/11.3.1/../../../../arm-none-eabi/lib/thumb/v8-m.main+fp/hard\libc_nano.a(libc_a-sprintf.o)
 .ARM.attributes
                0x0000000000000418       0x38 D:/Program FIles/ST/STM32CubeIDE_1.14.1/STM32CubeIDE/plugins/com.st.stm32cube.ide.mcu.externaltools.gnu-tools-for-stm32.11.3.rel1.win32_1.1.100.202309141235/tools/bin/../lib/gcc/arm-none-eabi/11.3.1/../../../../arm-none-eabi/lib/thumb/v8-m.main+fp/hard\libc_nano.a(libc_a-memset.o)
 .ARM.attributes
                0x0000000000000450       0x38 D:/Program FIles/ST/STM32CubeIDE_1.14.1/STM32CubeIDE/plugins/com.st.stm32cube.ide.mcu.externaltools.gnu-tools-for-stm32.11.3.rel1.win32_1.1.100.202309141235/tools/bin/../lib/gcc/arm-none-eabi/11.3.1/../../../../arm-none-eabi/lib/thumb/v8-m.main+fp/hard\libc_nano.a(libc_a-reent.o)
 .ARM.attributes
                0x0000000000000488       0x38 D:/Program FIles/ST/STM32CubeIDE_1.14.1/STM32CubeIDE/plugins/com.st.stm32cube.ide.mcu.externaltools.gnu-tools-for-stm32.11.3.rel1.win32_1.1.100.202309141235/tools/bin/../lib/gcc/arm-none-eabi/11.3.1/../../../../arm-none-eabi/lib/thumb/v8-m.main+fp/hard\libc_nano.a(libc_a-impure.o)
 .ARM.attributes
                0x00000000000004c0       0x38 D:/Program FIles/ST/STM32CubeIDE_1.14.1/STM32CubeIDE/plugins/com.st.stm32cube.ide.mcu.externaltools.gnu-tools-for-stm32.11.3.rel1.win32_1.1.100.202309141235/tools/bin/../lib/gcc/arm-none-eabi/11.3.1/../../../../arm-none-eabi/lib/thumb/v8-m.main+fp/hard\libc_nano.a(libc_a-errno.o)
 .ARM.attributes
                0x00000000000004f8       0x38 D:/Program FIles/ST/STM32CubeIDE_1.14.1/STM32CubeIDE/plugins/com.st.stm32cube.ide.mcu.externaltools.gnu-tools-for-stm32.11.3.rel1.win32_1.1.100.202309141235/tools/bin/../lib/gcc/arm-none-eabi/11.3.1/../../../../arm-none-eabi/lib/thumb/v8-m.main+fp/hard\libc_nano.a(libc_a-init.o)
 .ARM.attributes
                0x0000000000000530       0x38 D:/Program FIles/ST/STM32CubeIDE_1.14.1/STM32CubeIDE/plugins/com.st.stm32cube.ide.mcu.externaltools.gnu-tools-for-stm32.11.3.rel1.win32_1.1.100.202309141235/tools/bin/../lib/gcc/arm-none-eabi/11.3.1/../../../../arm-none-eabi/lib/thumb/v8-m.main+fp/hard\libc_nano.a(libc_a-lock.o)
 .ARM.attributes
                0x0000000000000568       0x38 D:/Program FIles/ST/STM32CubeIDE_1.14.1/STM32CubeIDE/plugins/com.st.stm32cube.ide.mcu.externaltools.gnu-tools-for-stm32.11.3.rel1.win32_1.1.100.202309141235/tools/bin/../lib/gcc/arm-none-eabi/11.3.1/../../../../arm-none-eabi/lib/thumb/v8-m.main+fp/hard\libc_nano.a(libc_a-memcpy-stub.o)
 .ARM.attributes
                0x00000000000005a0       0x17 D:/Program FIles/ST/STM32CubeIDE_1.14.1/STM32CubeIDE/plugins/com.st.stm32cube.ide.mcu.externaltools.gnu-tools-for-stm32.11.3.rel1.win32_1.1.100.202309141235/tools/bin/../lib/gcc/arm-none-eabi/11.3.1/../../../../arm-none-eabi/lib/thumb/v8-m.main+fp/hard\libc_nano.a(libc_a-strlen.o)
 .ARM.attributes
                0x00000000000005b7       0x38 D:/Program FIles/ST/STM32CubeIDE_1.14.1/STM32CubeIDE/plugins/com.st.stm32cube.ide.mcu.externaltools.gnu-tools-for-stm32.11.3.rel1.win32_1.1.100.202309141235/tools/bin/../lib/gcc/arm-none-eabi/11.3.1/../../../../arm-none-eabi/lib/thumb/v8-m.main+fp/hard\libc_nano.a(libc_a-freer.o)
 .ARM.attributes
                0x00000000000005ef       0x38 D:/Program FIles/ST/STM32CubeIDE_1.14.1/STM32CubeIDE/plugins/com.st.stm32cube.ide.mcu.externaltools.gnu-tools-for-stm32.11.3.rel1.win32_1.1.100.202309141235/tools/bin/../lib/gcc/arm-none-eabi/11.3.1/../../../../arm-none-eabi/lib/thumb/v8-m.main+fp/hard\libc_nano.a(libc_a-mallocr.o)
 .ARM.attributes
                0x0000000000000627       0x38 D:/Program FIles/ST/STM32CubeIDE_1.14.1/STM32CubeIDE/plugins/com.st.stm32cube.ide.mcu.externaltools.gnu-tools-for-stm32.11.3.rel1.win32_1.1.100.202309141235/tools/bin/../lib/gcc/arm-none-eabi/11.3.1/../../../../arm-none-eabi/lib/thumb/v8-m.main+fp/hard\libc_nano.a(libc_a-mlock.o)
 .ARM.attributes
                0x000000000000065f       0x38 D:/Program FIles/ST/STM32CubeIDE_1.14.1/STM32CubeIDE/plugins/com.st.stm32cube.ide.mcu.externaltools.gnu-tools-for-stm32.11.3.rel1.win32_1.1.100.202309141235/tools/bin/../lib/gcc/arm-none-eabi/11.3.1/../../../../arm-none-eabi/lib/thumb/v8-m.main+fp/hard\libc_nano.a(libc_a-nano-svfprintf.o)
 .ARM.attributes
                0x0000000000000697       0x38 D:/Program FIles/ST/STM32CubeIDE_1.14.1/STM32CubeIDE/plugins/com.st.stm32cube.ide.mcu.externaltools.gnu-tools-for-stm32.11.3.rel1.win32_1.1.100.202309141235/tools/bin/../lib/gcc/arm-none-eabi/11.3.1/../../../../arm-none-eabi/lib/thumb/v8-m.main+fp/hard\libc_nano.a(libc_a-nano-vfprintf_i.o)
 .ARM.attributes
                0x00000000000006cf       0x38 D:/Program FIles/ST/STM32CubeIDE_1.14.1/STM32CubeIDE/plugins/com.st.stm32cube.ide.mcu.externaltools.gnu-tools-for-stm32.11.3.rel1.win32_1.1.100.202309141235/tools/bin/../lib/gcc/arm-none-eabi/11.3.1/../../../../arm-none-eabi/lib/thumb/v8-m.main+fp/hard\libc_nano.a(libc_a-memmove.o)
 .ARM.attributes
                0x0000000000000707       0x38 D:/Program FIles/ST/STM32CubeIDE_1.14.1/STM32CubeIDE/plugins/com.st.stm32cube.ide.mcu.externaltools.gnu-tools-for-stm32.11.3.rel1.win32_1.1.100.202309141235/tools/bin/../lib/gcc/arm-none-eabi/11.3.1/../../../../arm-none-eabi/lib/thumb/v8-m.main+fp/hard\libc_nano.a(libc_a-sbrkr.o)
 .ARM.attributes
                0x000000000000073f       0x38 D:/Program FIles/ST/STM32CubeIDE_1.14.1/STM32CubeIDE/plugins/com.st.stm32cube.ide.mcu.externaltools.gnu-tools-for-stm32.11.3.rel1.win32_1.1.100.202309141235/tools/bin/../lib/gcc/arm-none-eabi/11.3.1/../../../../arm-none-eabi/lib/thumb/v8-m.main+fp/hard\libc_nano.a(libc_a-memchr-stub.o)
 .ARM.attributes
                0x0000000000000777       0x38 D:/Program FIles/ST/STM32CubeIDE_1.14.1/STM32CubeIDE/plugins/com.st.stm32cube.ide.mcu.externaltools.gnu-tools-for-stm32.11.3.rel1.win32_1.1.100.202309141235/tools/bin/../lib/gcc/arm-none-eabi/11.3.1/../../../../arm-none-eabi/lib/thumb/v8-m.main+fp/hard\libc_nano.a(libc_a-reallocr.o)
 .ARM.attributes
                0x00000000000007af       0x38 D:/Program FIles/ST/STM32CubeIDE_1.14.1/STM32CubeIDE/plugins/com.st.stm32cube.ide.mcu.externaltools.gnu-tools-for-stm32.11.3.rel1.win32_1.1.100.202309141235/tools/bin/../lib/gcc/arm-none-eabi/11.3.1/../../../../arm-none-eabi/lib/thumb/v8-m.main+fp/hard\libc_nano.a(libc_a-msizer.o)
 .ARM.attributes
                0x00000000000007e7       0x22 D:/Program FIles/ST/STM32CubeIDE_1.14.1/STM32CubeIDE/plugins/com.st.stm32cube.ide.mcu.externaltools.gnu-tools-for-stm32.11.3.rel1.win32_1.1.100.202309141235/tools/bin/../lib/gcc/arm-none-eabi/11.3.1/thumb/v8-m.main+fp/hard\libgcc.a(_aeabi_uldivmod.o)
 .ARM.attributes
                0x0000000000000809       0x38 D:/Program FIles/ST/STM32CubeIDE_1.14.1/STM32CubeIDE/plugins/com.st.stm32cube.ide.mcu.externaltools.gnu-tools-for-stm32.11.3.rel1.win32_1.1.100.202309141235/tools/bin/../lib/gcc/arm-none-eabi/11.3.1/thumb/v8-m.main+fp/hard\libgcc.a(_udivmoddi4.o)
 .ARM.attributes
                0x0000000000000841       0x22 D:/Program FIles/ST/STM32CubeIDE_1.14.1/STM32CubeIDE/plugins/com.st.stm32cube.ide.mcu.externaltools.gnu-tools-for-stm32.11.3.rel1.win32_1.1.100.202309141235/tools/bin/../lib/gcc/arm-none-eabi/11.3.1/thumb/v8-m.main+fp/hard\libgcc.a(_dvmd_tls.o)
 .ARM.attributes
                0x0000000000000863       0x22 D:/Program FIles/ST/STM32CubeIDE_1.14.1/STM32CubeIDE/plugins/com.st.stm32cube.ide.mcu.externaltools.gnu-tools-for-stm32.11.3.rel1.win32_1.1.100.202309141235/tools/bin/../lib/gcc/arm-none-eabi/11.3.1/thumb/v8-m.main+fp/hard/crtn.o
OUTPUT(CAN_receive1.elf elf32-littlearm)
LOAD linker stubs
LOAD D:/Program FIles/ST/STM32CubeIDE_1.14.1/STM32CubeIDE/plugins/com.st.stm32cube.ide.mcu.externaltools.gnu-tools-for-stm32.11.3.rel1.win32_1.1.100.202309141235/tools/bin/../lib/gcc/arm-none-eabi/11.3.1/../../../../arm-none-eabi/lib/thumb/v8-m.main+fp/hard\libc.a
LOAD D:/Program FIles/ST/STM32CubeIDE_1.14.1/STM32CubeIDE/plugins/com.st.stm32cube.ide.mcu.externaltools.gnu-tools-for-stm32.11.3.rel1.win32_1.1.100.202309141235/tools/bin/../lib/gcc/arm-none-eabi/11.3.1/../../../../arm-none-eabi/lib/thumb/v8-m.main+fp/hard\libm.a
LOAD D:/Program FIles/ST/STM32CubeIDE_1.14.1/STM32CubeIDE/plugins/com.st.stm32cube.ide.mcu.externaltools.gnu-tools-for-stm32.11.3.rel1.win32_1.1.100.202309141235/tools/bin/../lib/gcc/arm-none-eabi/11.3.1/thumb/v8-m.main+fp/hard\libgcc.a

.comment        0x0000000000000000       0x43
 .comment       0x0000000000000000       0x43 D:/Program FIles/ST/STM32CubeIDE_1.14.1/STM32CubeIDE/plugins/com.st.stm32cube.ide.mcu.externaltools.gnu-tools-for-stm32.11.3.rel1.win32_1.1.100.202309141235/tools/bin/../lib/gcc/arm-none-eabi/11.3.1/thumb/v8-m.main+fp/hard/crtbegin.o
                                         0x44 (size before relaxing)
 .comment       0x0000000000000043       0x44 ./Core/Src/main.o
 .comment       0x0000000000000043       0x44 ./Core/Src/stm32h5xx_hal_msp.o
 .comment       0x0000000000000043       0x44 ./Core/Src/stm32h5xx_it.o
 .comment       0x0000000000000043       0x44 ./Core/Src/sysmem.o
 .comment       0x0000000000000043       0x44 ./Core/Src/system_stm32h5xx.o
 .comment       0x0000000000000043       0x44 ./Drivers/STM32H5xx_HAL_Driver/Src/stm32h5xx_hal.o
 .comment       0x0000000000000043       0x44 ./Drivers/STM32H5xx_HAL_Driver/Src/stm32h5xx_hal_cortex.o
 .comment       0x0000000000000043       0x44 ./Drivers/STM32H5xx_HAL_Driver/Src/stm32h5xx_hal_fdcan.o
 .comment       0x0000000000000043       0x44 ./Drivers/STM32H5xx_HAL_Driver/Src/stm32h5xx_hal_gpio.o
 .comment       0x0000000000000043       0x44 ./Drivers/STM32H5xx_HAL_Driver/Src/stm32h5xx_hal_rcc.o
 .comment       0x0000000000000043       0x44 ./Drivers/STM32H5xx_HAL_Driver/Src/stm32h5xx_hal_rcc_ex.o
 .comment       0x0000000000000043       0x44 ./Drivers/STM32H5xx_HAL_Driver/Src/stm32h5xx_hal_uart.o
 .comment       0x0000000000000043       0x44 ./Drivers/STM32H5xx_HAL_Driver/Src/stm32h5xx_hal_uart_ex.o

.debug_info     0x0000000000000000    0x1098a
 .debug_info    0x0000000000000000     0x1b92 ./Core/Src/main.o
 .debug_info    0x0000000000001b92     0x1b29 ./Core/Src/stm32h5xx_hal_msp.o
 .debug_info    0x00000000000036bb      0x63f ./Core/Src/stm32h5xx_it.o
 .debug_info    0x0000000000003cfa      0x168 ./Core/Src/sysmem.o
 .debug_info    0x0000000000003e62      0xd8e ./Core/Src/system_stm32h5xx.o
 .debug_info    0x0000000000004bf0       0x23 ./Core/Startup/startup_stm32h562rgtx.o
 .debug_info    0x0000000000004c13     0x1343 ./Drivers/STM32H5xx_HAL_Driver/Src/stm32h5xx_hal.o
 .debug_info    0x0000000000005f56     0x15da ./Drivers/STM32H5xx_HAL_Driver/Src/stm32h5xx_hal_cortex.o
 .debug_info    0x0000000000007530     0x1920 ./Drivers/STM32H5xx_HAL_Driver/Src/stm32h5xx_hal_fdcan.o
 .debug_info    0x0000000000008e50      0x6b6 ./Drivers/STM32H5xx_HAL_Driver/Src/stm32h5xx_hal_gpio.o
 .debug_info    0x0000000000009506     0x109f ./Drivers/STM32H5xx_HAL_Driver/Src/stm32h5xx_hal_rcc.o
 .debug_info    0x000000000000a5a5     0x12c8 ./Drivers/STM32H5xx_HAL_Driver/Src/stm32h5xx_hal_rcc_ex.o
 .debug_info    0x000000000000b86d     0x4030 ./Drivers/STM32H5xx_HAL_Driver/Src/stm32h5xx_hal_uart.o
 .debug_info    0x000000000000f89d     0x10ed ./Drivers/STM32H5xx_HAL_Driver/Src/stm32h5xx_hal_uart_ex.o

.debug_abbrev   0x0000000000000000     0x1c8f
 .debug_abbrev  0x0000000000000000      0x2c6 ./Core/Src/main.o
 .debug_abbrev  0x00000000000002c6      0x206 ./Core/Src/stm32h5xx_hal_msp.o
 .debug_abbrev  0x00000000000004cc      0x15a ./Core/Src/stm32h5xx_it.o
 .debug_abbrev  0x0000000000000626       0xbc ./Core/Src/sysmem.o
 .debug_abbrev  0x00000000000006e2      0x13a ./Core/Src/system_stm32h5xx.o
 .debug_abbrev  0x000000000000081c       0x12 ./Core/Startup/startup_stm32h562rgtx.o
 .debug_abbrev  0x000000000000082e      0x29c ./Drivers/STM32H5xx_HAL_Driver/Src/stm32h5xx_hal.o
 .debug_abbrev  0x0000000000000aca      0x30d ./Drivers/STM32H5xx_HAL_Driver/Src/stm32h5xx_hal_cortex.o
 .debug_abbrev  0x0000000000000dd7      0x20b ./Drivers/STM32H5xx_HAL_Driver/Src/stm32h5xx_hal_fdcan.o
 .debug_abbrev  0x0000000000000fe2      0x1db ./Drivers/STM32H5xx_HAL_Driver/Src/stm32h5xx_hal_gpio.o
 .debug_abbrev  0x00000000000011bd      0x290 ./Drivers/STM32H5xx_HAL_Driver/Src/stm32h5xx_hal_rcc.o
 .debug_abbrev  0x000000000000144d      0x269 ./Drivers/STM32H5xx_HAL_Driver/Src/stm32h5xx_hal_rcc_ex.o
 .debug_abbrev  0x00000000000016b6      0x305 ./Drivers/STM32H5xx_HAL_Driver/Src/stm32h5xx_hal_uart.o
 .debug_abbrev  0x00000000000019bb      0x2d4 ./Drivers/STM32H5xx_HAL_Driver/Src/stm32h5xx_hal_uart_ex.o

.debug_aranges  0x0000000000000000      0xbd8
 .debug_aranges
                0x0000000000000000       0x70 ./Core/Src/main.o
 .debug_aranges
                0x0000000000000070       0x40 ./Core/Src/stm32h5xx_hal_msp.o
 .debug_aranges
                0x00000000000000b0       0x70 ./Core/Src/stm32h5xx_it.o
 .debug_aranges
                0x0000000000000120       0x20 ./Core/Src/sysmem.o
 .debug_aranges
                0x0000000000000140       0x28 ./Core/Src/system_stm32h5xx.o
 .debug_aranges
                0x0000000000000168       0x28 ./Core/Startup/startup_stm32h562rgtx.o
 .debug_aranges
                0x0000000000000190      0x200 ./Drivers/STM32H5xx_HAL_Driver/Src/stm32h5xx_hal.o
 .debug_aranges
                0x0000000000000390      0x130 ./Drivers/STM32H5xx_HAL_Driver/Src/stm32h5xx_hal_cortex.o
 .debug_aranges
                0x00000000000004c0      0x208 ./Drivers/STM32H5xx_HAL_Driver/Src/stm32h5xx_hal_fdcan.o
 .debug_aranges
                0x00000000000006c8       0x78 ./Drivers/STM32H5xx_HAL_Driver/Src/stm32h5xx_hal_gpio.o
 .debug_aranges
                0x0000000000000740       0xa0 ./Drivers/STM32H5xx_HAL_Driver/Src/stm32h5xx_hal_rcc.o
 .debug_aranges
                0x00000000000007e0      0x108 ./Drivers/STM32H5xx_HAL_Driver/Src/stm32h5xx_hal_rcc_ex.o
 .debug_aranges
                0x00000000000008e8      0x248 ./Drivers/STM32H5xx_HAL_Driver/Src/stm32h5xx_hal_uart.o
 .debug_aranges
                0x0000000000000b30       0xa8 ./Drivers/STM32H5xx_HAL_Driver/Src/stm32h5xx_hal_uart_ex.o

.debug_rnglists
                0x0000000000000000      0x91b
 .debug_rnglists
                0x0000000000000000       0x56 ./Core/Src/main.o
 .debug_rnglists
                0x0000000000000056       0x2d ./Core/Src/stm32h5xx_hal_msp.o
 .debug_rnglists
                0x0000000000000083       0x4f ./Core/Src/stm32h5xx_it.o
 .debug_rnglists
                0x00000000000000d2       0x13 ./Core/Src/sysmem.o
 .debug_rnglists
                0x00000000000000e5       0x1b ./Core/Src/system_stm32h5xx.o
 .debug_rnglists
                0x0000000000000100       0x19 ./Core/Startup/startup_stm32h562rgtx.o
 .debug_rnglists
                0x0000000000000119      0x17c ./Drivers/STM32H5xx_HAL_Driver/Src/stm32h5xx_hal.o
 .debug_rnglists
                0x0000000000000295       0xe0 ./Drivers/STM32H5xx_HAL_Driver/Src/stm32h5xx_hal_cortex.o
 .debug_rnglists
                0x0000000000000375      0x18d ./Drivers/STM32H5xx_HAL_Driver/Src/stm32h5xx_hal_fdcan.o
 .debug_rnglists
                0x0000000000000502       0x57 ./Drivers/STM32H5xx_HAL_Driver/Src/stm32h5xx_hal_gpio.o
 .debug_rnglists
                0x0000000000000559       0x79 ./Drivers/STM32H5xx_HAL_Driver/Src/stm32h5xx_hal_rcc.o
 .debug_rnglists
                0x00000000000005d2       0xcf ./Drivers/STM32H5xx_HAL_Driver/Src/stm32h5xx_hal_rcc_ex.o
 .debug_rnglists
                0x00000000000006a1      0x1fb ./Drivers/STM32H5xx_HAL_Driver/Src/stm32h5xx_hal_uart.o
 .debug_rnglists
                0x000000000000089c       0x7f ./Drivers/STM32H5xx_HAL_Driver/Src/stm32h5xx_hal_uart_ex.o

.debug_macro    0x0000000000000000    0x2cb7e
 .debug_macro   0x0000000000000000      0x2fb ./Core/Src/main.o
 .debug_macro   0x00000000000002fb      0xaae ./Core/Src/main.o
 .debug_macro   0x0000000000000da9      0x1ca ./Core/Src/main.o
 .debug_macro   0x0000000000000f73       0x22 ./Core/Src/main.o
 .debug_macro   0x0000000000000f95       0x5b ./Core/Src/main.o
 .debug_macro   0x0000000000000ff0       0x2a ./Core/Src/main.o
 .debug_macro   0x000000000000101a       0x94 ./Core/Src/main.o
 .debug_macro   0x00000000000010ae       0x43 ./Core/Src/main.o
 .debug_macro   0x00000000000010f1       0x34 ./Core/Src/main.o
 .debug_macro   0x0000000000001125      0x174 ./Core/Src/main.o
 .debug_macro   0x0000000000001299       0x16 ./Core/Src/main.o
 .debug_macro   0x00000000000012af       0x43 ./Core/Src/main.o
 .debug_macro   0x00000000000012f2       0x57 ./Core/Src/main.o
 .debug_macro   0x0000000000001349       0x34 ./Core/Src/main.o
 .debug_macro   0x000000000000137d       0x10 ./Core/Src/main.o
 .debug_macro   0x000000000000138d       0x58 ./Core/Src/main.o
 .debug_macro   0x00000000000013e5       0x8e ./Core/Src/main.o
 .debug_macro   0x0000000000001473       0x1c ./Core/Src/main.o
 .debug_macro   0x000000000000148f      0x177 ./Core/Src/main.o
 .debug_macro   0x0000000000001606      0x369 ./Core/Src/main.o
 .debug_macro   0x000000000000196f      0x19b ./Core/Src/main.o
 .debug_macro   0x0000000000001b0a       0x28 ./Core/Src/main.o
 .debug_macro   0x0000000000001b32       0x49 ./Core/Src/main.o
 .debug_macro   0x0000000000001b7b      0x103 ./Core/Src/main.o
 .debug_macro   0x0000000000001c7e       0x6a ./Core/Src/main.o
 .debug_macro   0x0000000000001ce8      0x1df ./Core/Src/main.o
 .debug_macro   0x0000000000001ec7       0x1c ./Core/Src/main.o
 .debug_macro   0x0000000000001ee3       0x29 ./Core/Src/main.o
 .debug_macro   0x0000000000001f0c       0xfb ./Core/Src/main.o
 .debug_macro   0x0000000000002007     0x1685 ./Core/Src/main.o
 .debug_macro   0x000000000000368c       0x5e ./Core/Src/main.o
 .debug_macro   0x00000000000036ea    0x1d300 ./Core/Src/main.o
 .debug_macro   0x00000000000209ea       0x6d ./Core/Src/main.o
 .debug_macro   0x0000000000020a57     0x387c ./Core/Src/main.o
 .debug_macro   0x00000000000242d3       0x63 ./Core/Src/main.o
 .debug_macro   0x0000000000024336     0x1e1f ./Core/Src/main.o
 .debug_macro   0x0000000000026155      0xe6c ./Core/Src/main.o
 .debug_macro   0x0000000000026fc1      0x15f ./Core/Src/main.o
 .debug_macro   0x0000000000027120      0x2dc ./Core/Src/main.o
 .debug_macro   0x00000000000273fc      0x917 ./Core/Src/main.o
 .debug_macro   0x0000000000027d13      0x478 ./Core/Src/main.o
 .debug_macro   0x000000000002818b       0xd6 ./Core/Src/main.o
 .debug_macro   0x0000000000028261      0x1ce ./Core/Src/main.o
 .debug_macro   0x000000000002842f      0x554 ./Core/Src/main.o
 .debug_macro   0x0000000000028983      0x5eb ./Core/Src/main.o
 .debug_macro   0x0000000000028f6e       0x74 ./Core/Src/main.o
 .debug_macro   0x0000000000028fe2      0x313 ./Core/Src/main.o
 .debug_macro   0x00000000000292f5      0x1bb ./Core/Src/main.o
 .debug_macro   0x00000000000294b0      0x693 ./Core/Src/main.o
 .debug_macro   0x0000000000029b43       0xa6 ./Core/Src/main.o
 .debug_macro   0x0000000000029be9      0x299 ./Core/Src/main.o
 .debug_macro   0x0000000000029e82      0x6bd ./Core/Src/main.o
 .debug_macro   0x000000000002a53f      0x485 ./Core/Src/main.o
 .debug_macro   0x000000000002a9c4       0x1c ./Core/Src/main.o
 .debug_macro   0x000000000002a9e0       0x35 ./Core/Src/main.o
 .debug_macro   0x000000000002aa15       0x10 ./Core/Src/main.o
 .debug_macro   0x000000000002aa25       0x1c ./Core/Src/main.o
 .debug_macro   0x000000000002aa41       0x16 ./Core/Src/main.o
 .debug_macro   0x000000000002aa57      0x147 ./Core/Src/main.o
 .debug_macro   0x000000000002ab9e       0x16 ./Core/Src/main.o
 .debug_macro   0x000000000002abb4       0x20 ./Core/Src/main.o
 .debug_macro   0x000000000002abd4      0x26d ./Core/Src/stm32h5xx_hal_msp.o
 .debug_macro   0x000000000002ae41      0x277 ./Core/Src/stm32h5xx_it.o
 .debug_macro   0x000000000002b0b8       0xff ./Core/Src/sysmem.o
 .debug_macro   0x000000000002b1b7      0x23c ./Core/Src/sysmem.o
 .debug_macro   0x000000000002b3f3      0x26a ./Core/Src/system_stm32h5xx.o
 .debug_macro   0x000000000002b65d      0x299 ./Drivers/STM32H5xx_HAL_Driver/Src/stm32h5xx_hal.o
 .debug_macro   0x000000000002b8f6      0x263 ./Drivers/STM32H5xx_HAL_Driver/Src/stm32h5xx_hal_cortex.o
 .debug_macro   0x000000000002bb59      0x375 ./Drivers/STM32H5xx_HAL_Driver/Src/stm32h5xx_hal_fdcan.o
 .debug_macro   0x000000000002bece      0x299 ./Drivers/STM32H5xx_HAL_Driver/Src/stm32h5xx_hal_gpio.o
 .debug_macro   0x000000000002c167      0x2a5 ./Drivers/STM32H5xx_HAL_Driver/Src/stm32h5xx_hal_rcc.o
 .debug_macro   0x000000000002c40c      0x275 ./Drivers/STM32H5xx_HAL_Driver/Src/stm32h5xx_hal_rcc_ex.o
 .debug_macro   0x000000000002c681      0x28e ./Drivers/STM32H5xx_HAL_Driver/Src/stm32h5xx_hal_uart.o
 .debug_macro   0x000000000002c90f      0x26f ./Drivers/STM32H5xx_HAL_Driver/Src/stm32h5xx_hal_uart_ex.o

.debug_line     0x0000000000000000    0x1069a
 .debug_line    0x0000000000000000      0xd83 ./Core/Src/main.o
 .debug_line    0x0000000000000d83      0xa02 ./Core/Src/stm32h5xx_hal_msp.o
 .debug_line    0x0000000000001785      0xa2e ./Core/Src/stm32h5xx_it.o
 .debug_line    0x00000000000021b3      0x652 ./Core/Src/sysmem.o
 .debug_line    0x0000000000002805      0xaac ./Core/Src/system_stm32h5xx.o
 .debug_line    0x00000000000032b1       0x77 ./Core/Startup/startup_stm32h562rgtx.o
 .debug_line    0x0000000000003328     0x1000 ./Drivers/STM32H5xx_HAL_Driver/Src/stm32h5xx_hal.o
 .debug_line    0x0000000000004328      0xf6a ./Drivers/STM32H5xx_HAL_Driver/Src/stm32h5xx_hal_cortex.o
 .debug_line    0x0000000000005292     0x1ac9 ./Drivers/STM32H5xx_HAL_Driver/Src/stm32h5xx_hal_fdcan.o
 .debug_line    0x0000000000006d5b      0xd1c ./Drivers/STM32H5xx_HAL_Driver/Src/stm32h5xx_hal_gpio.o
 .debug_line    0x0000000000007a77     0x13b1 ./Drivers/STM32H5xx_HAL_Driver/Src/stm32h5xx_hal_rcc.o
 .debug_line    0x0000000000008e28     0x2e2e ./Drivers/STM32H5xx_HAL_Driver/Src/stm32h5xx_hal_rcc_ex.o
 .debug_line    0x000000000000bc56     0x3ac7 ./Drivers/STM32H5xx_HAL_Driver/Src/stm32h5xx_hal_uart.o
 .debug_line    0x000000000000f71d      0xf7d ./Drivers/STM32H5xx_HAL_Driver/Src/stm32h5xx_hal_uart_ex.o

.debug_str      0x0000000000000000   0x11e4ca
 .debug_str     0x0000000000000000   0x119663 ./Core/Src/main.o
                                     0x119a61 (size before relaxing)
 .debug_str     0x0000000000119663      0xc50 ./Core/Src/stm32h5xx_hal_msp.o
                                     0x11994b (size before relaxing)
 .debug_str     0x000000000011a2b3      0x10a ./Core/Src/stm32h5xx_it.o
                                     0x118586 (size before relaxing)
 .debug_str     0x000000000011a3bd      0x4dc ./Core/Src/sysmem.o
                                       0x607d (size before relaxing)
 .debug_str     0x000000000011a899      0x452 ./Core/Src/system_stm32h5xx.o
                                     0x1187a0 (size before relaxing)
 .debug_str     0x000000000011aceb       0x34 ./Core/Startup/startup_stm32h562rgtx.o
                                         0x6d (size before relaxing)
 .debug_str     0x000000000011ad1f      0x92d ./Drivers/STM32H5xx_HAL_Driver/Src/stm32h5xx_hal.o
                                     0x11954f (size before relaxing)
 .debug_str     0x000000000011b64c      0x3ac ./Drivers/STM32H5xx_HAL_Driver/Src/stm32h5xx_hal_cortex.o
                                     0x1190cb (size before relaxing)
 .debug_str     0x000000000011b9f8     0x1173 ./Drivers/STM32H5xx_HAL_Driver/Src/stm32h5xx_hal_fdcan.o
                                     0x119900 (size before relaxing)
 .debug_str     0x000000000011cb6b      0x302 ./Drivers/STM32H5xx_HAL_Driver/Src/stm32h5xx_hal_gpio.o
                                     0x118505 (size before relaxing)
 .debug_str     0x000000000011ce6d      0x38a ./Drivers/STM32H5xx_HAL_Driver/Src/stm32h5xx_hal_rcc.o
                                     0x118ce5 (size before relaxing)
 .debug_str     0x000000000011d1f7      0x6e5 ./Drivers/STM32H5xx_HAL_Driver/Src/stm32h5xx_hal_rcc_ex.o
                                     0x11901a (size before relaxing)
 .debug_str     0x000000000011d8dc      0x983 ./Drivers/STM32H5xx_HAL_Driver/Src/stm32h5xx_hal_uart.o
                                     0x1191e6 (size before relaxing)
 .debug_str     0x000000000011e25f      0x26b ./Drivers/STM32H5xx_HAL_Driver/Src/stm32h5xx_hal_uart_ex.o
                                     0x118bb7 (size before relaxing)

.debug_frame    0x0000000000000000     0x3794
 .debug_frame   0x0000000000000000      0x188 ./Core/Src/main.o
 .debug_frame   0x0000000000000188       0xc8 ./Core/Src/stm32h5xx_hal_msp.o
 .debug_frame   0x0000000000000250      0x13c ./Core/Src/stm32h5xx_it.o
 .debug_frame   0x000000000000038c       0x34 ./Core/Src/sysmem.o
 .debug_frame   0x00000000000003c0       0x60 ./Core/Src/system_stm32h5xx.o
 .debug_frame   0x0000000000000420      0x828 ./Drivers/STM32H5xx_HAL_Driver/Src/stm32h5xx_hal.o
 .debug_frame   0x0000000000000c48      0x508 ./Drivers/STM32H5xx_HAL_Driver/Src/stm32h5xx_hal_cortex.o
 .debug_frame   0x0000000000001150      0x9b0 ./Drivers/STM32H5xx_HAL_Driver/Src/stm32h5xx_hal_fdcan.o
 .debug_frame   0x0000000000001b00      0x1ec ./Drivers/STM32H5xx_HAL_Driver/Src/stm32h5xx_hal_gpio.o
 .debug_frame   0x0000000000001cec      0x268 ./Drivers/STM32H5xx_HAL_Driver/Src/stm32h5xx_hal_rcc.o
 .debug_frame   0x0000000000001f54      0x470 ./Drivers/STM32H5xx_HAL_Driver/Src/stm32h5xx_hal_rcc_ex.o
 .debug_frame   0x00000000000023c4      0xa84 ./Drivers/STM32H5xx_HAL_Driver/Src/stm32h5xx_hal_uart.o
 .debug_frame   0x0000000000002e48      0x2c0 ./Drivers/STM32H5xx_HAL_Driver/Src/stm32h5xx_hal_uart_ex.o
 .debug_frame   0x0000000000003108      0x144 D:/Program FIles/ST/STM32CubeIDE_1.14.1/STM32CubeIDE/plugins/com.st.stm32cube.ide.mcu.externaltools.gnu-tools-for-stm32.11.3.rel1.win32_1.1.100.202309141235/tools/bin/../lib/gcc/arm-none-eabi/11.3.1/../../../../arm-none-eabi/lib/thumb/v8-m.main+fp/hard\libc_nano.a(libc_a-findfp.o)
 .debug_frame   0x000000000000324c       0x7c D:/Program FIles/ST/STM32CubeIDE_1.14.1/STM32CubeIDE/plugins/com.st.stm32cube.ide.mcu.externaltools.gnu-tools-for-stm32.11.3.rel1.win32_1.1.100.202309141235/tools/bin/../lib/gcc/arm-none-eabi/11.3.1/../../../../arm-none-eabi/lib/thumb/v8-m.main+fp/hard\libc_nano.a(libc_a-snprintf.o)
 .debug_frame   0x00000000000032c8       0x6c D:/Program FIles/ST/STM32CubeIDE_1.14.1/STM32CubeIDE/plugins/com.st.stm32cube.ide.mcu.externaltools.gnu-tools-for-stm32.11.3.rel1.win32_1.1.100.202309141235/tools/bin/../lib/gcc/arm-none-eabi/11.3.1/../../../../arm-none-eabi/lib/thumb/v8-m.main+fp/hard\libc_nano.a(libc_a-sprintf.o)
 .debug_frame   0x0000000000003334       0x20 D:/Program FIles/ST/STM32CubeIDE_1.14.1/STM32CubeIDE/plugins/com.st.stm32cube.ide.mcu.externaltools.gnu-tools-for-stm32.11.3.rel1.win32_1.1.100.202309141235/tools/bin/../lib/gcc/arm-none-eabi/11.3.1/../../../../arm-none-eabi/lib/thumb/v8-m.main+fp/hard\libc_nano.a(libc_a-memset.o)
 .debug_frame   0x0000000000003354       0x38 D:/Program FIles/ST/STM32CubeIDE_1.14.1/STM32CubeIDE/plugins/com.st.stm32cube.ide.mcu.externaltools.gnu-tools-for-stm32.11.3.rel1.win32_1.1.100.202309141235/tools/bin/../lib/gcc/arm-none-eabi/11.3.1/../../../../arm-none-eabi/lib/thumb/v8-m.main+fp/hard\libc_nano.a(libc_a-reent.o)
 .debug_frame   0x000000000000338c       0x20 D:/Program FIles/ST/STM32CubeIDE_1.14.1/STM32CubeIDE/plugins/com.st.stm32cube.ide.mcu.externaltools.gnu-tools-for-stm32.11.3.rel1.win32_1.1.100.202309141235/tools/bin/../lib/gcc/arm-none-eabi/11.3.1/../../../../arm-none-eabi/lib/thumb/v8-m.main+fp/hard\libc_nano.a(libc_a-errno.o)
 .debug_frame   0x00000000000033ac       0x2c D:/Program FIles/ST/STM32CubeIDE_1.14.1/STM32CubeIDE/plugins/com.st.stm32cube.ide.mcu.externaltools.gnu-tools-for-stm32.11.3.rel1.win32_1.1.100.202309141235/tools/bin/../lib/gcc/arm-none-eabi/11.3.1/../../../../arm-none-eabi/lib/thumb/v8-m.main+fp/hard\libc_nano.a(libc_a-init.o)
 .debug_frame   0x00000000000033d8       0xb0 D:/Program FIles/ST/STM32CubeIDE_1.14.1/STM32CubeIDE/plugins/com.st.stm32cube.ide.mcu.externaltools.gnu-tools-for-stm32.11.3.rel1.win32_1.1.100.202309141235/tools/bin/../lib/gcc/arm-none-eabi/11.3.1/../../../../arm-none-eabi/lib/thumb/v8-m.main+fp/hard\libc_nano.a(libc_a-lock.o)
 .debug_frame   0x0000000000003488       0x28 D:/Program FIles/ST/STM32CubeIDE_1.14.1/STM32CubeIDE/plugins/com.st.stm32cube.ide.mcu.externaltools.gnu-tools-for-stm32.11.3.rel1.win32_1.1.100.202309141235/tools/bin/../lib/gcc/arm-none-eabi/11.3.1/../../../../arm-none-eabi/lib/thumb/v8-m.main+fp/hard\libc_nano.a(libc_a-memcpy-stub.o)
 .debug_frame   0x00000000000034b0       0x38 D:/Program FIles/ST/STM32CubeIDE_1.14.1/STM32CubeIDE/plugins/com.st.stm32cube.ide.mcu.externaltools.gnu-tools-for-stm32.11.3.rel1.win32_1.1.100.202309141235/tools/bin/../lib/gcc/arm-none-eabi/11.3.1/../../../../arm-none-eabi/lib/thumb/v8-m.main+fp/hard\libc_nano.a(libc_a-freer.o)
 .debug_frame   0x00000000000034e8       0x50 D:/Program FIles/ST/STM32CubeIDE_1.14.1/STM32CubeIDE/plugins/com.st.stm32cube.ide.mcu.externaltools.gnu-tools-for-stm32.11.3.rel1.win32_1.1.100.202309141235/tools/bin/../lib/gcc/arm-none-eabi/11.3.1/../../../../arm-none-eabi/lib/thumb/v8-m.main+fp/hard\libc_nano.a(libc_a-mallocr.o)
 .debug_frame   0x0000000000003538       0x30 D:/Program FIles/ST/STM32CubeIDE_1.14.1/STM32CubeIDE/plugins/com.st.stm32cube.ide.mcu.externaltools.gnu-tools-for-stm32.11.3.rel1.win32_1.1.100.202309141235/tools/bin/../lib/gcc/arm-none-eabi/11.3.1/../../../../arm-none-eabi/lib/thumb/v8-m.main+fp/hard\libc_nano.a(libc_a-mlock.o)
 .debug_frame   0x0000000000003568       0x90 D:/Program FIles/ST/STM32CubeIDE_1.14.1/STM32CubeIDE/plugins/com.st.stm32cube.ide.mcu.externaltools.gnu-tools-for-stm32.11.3.rel1.win32_1.1.100.202309141235/tools/bin/../lib/gcc/arm-none-eabi/11.3.1/../../../../arm-none-eabi/lib/thumb/v8-m.main+fp/hard\libc_nano.a(libc_a-nano-svfprintf.o)
 .debug_frame   0x00000000000035f8       0x60 D:/Program FIles/ST/STM32CubeIDE_1.14.1/STM32CubeIDE/plugins/com.st.stm32cube.ide.mcu.externaltools.gnu-tools-for-stm32.11.3.rel1.win32_1.1.100.202309141235/tools/bin/../lib/gcc/arm-none-eabi/11.3.1/../../../../arm-none-eabi/lib/thumb/v8-m.main+fp/hard\libc_nano.a(libc_a-nano-vfprintf_i.o)
 .debug_frame   0x0000000000003658       0x28 D:/Program FIles/ST/STM32CubeIDE_1.14.1/STM32CubeIDE/plugins/com.st.stm32cube.ide.mcu.externaltools.gnu-tools-for-stm32.11.3.rel1.win32_1.1.100.202309141235/tools/bin/../lib/gcc/arm-none-eabi/11.3.1/../../../../arm-none-eabi/lib/thumb/v8-m.main+fp/hard\libc_nano.a(libc_a-memmove.o)
 .debug_frame   0x0000000000003680       0x2c D:/Program FIles/ST/STM32CubeIDE_1.14.1/STM32CubeIDE/plugins/com.st.stm32cube.ide.mcu.externaltools.gnu-tools-for-stm32.11.3.rel1.win32_1.1.100.202309141235/tools/bin/../lib/gcc/arm-none-eabi/11.3.1/../../../../arm-none-eabi/lib/thumb/v8-m.main+fp/hard\libc_nano.a(libc_a-sbrkr.o)
 .debug_frame   0x00000000000036ac       0x28 D:/Program FIles/ST/STM32CubeIDE_1.14.1/STM32CubeIDE/plugins/com.st.stm32cube.ide.mcu.externaltools.gnu-tools-for-stm32.11.3.rel1.win32_1.1.100.202309141235/tools/bin/../lib/gcc/arm-none-eabi/11.3.1/../../../../arm-none-eabi/lib/thumb/v8-m.main+fp/hard\libc_nano.a(libc_a-memchr-stub.o)
 .debug_frame   0x00000000000036d4       0x3c D:/Program FIles/ST/STM32CubeIDE_1.14.1/STM32CubeIDE/plugins/com.st.stm32cube.ide.mcu.externaltools.gnu-tools-for-stm32.11.3.rel1.win32_1.1.100.202309141235/tools/bin/../lib/gcc/arm-none-eabi/11.3.1/../../../../arm-none-eabi/lib/thumb/v8-m.main+fp/hard\libc_nano.a(libc_a-reallocr.o)
 .debug_frame   0x0000000000003710       0x20 D:/Program FIles/ST/STM32CubeIDE_1.14.1/STM32CubeIDE/plugins/com.st.stm32cube.ide.mcu.externaltools.gnu-tools-for-stm32.11.3.rel1.win32_1.1.100.202309141235/tools/bin/../lib/gcc/arm-none-eabi/11.3.1/../../../../arm-none-eabi/lib/thumb/v8-m.main+fp/hard\libc_nano.a(libc_a-msizer.o)
 .debug_frame   0x0000000000003730       0x2c D:/Program FIles/ST/STM32CubeIDE_1.14.1/STM32CubeIDE/plugins/com.st.stm32cube.ide.mcu.externaltools.gnu-tools-for-stm32.11.3.rel1.win32_1.1.100.202309141235/tools/bin/../lib/gcc/arm-none-eabi/11.3.1/thumb/v8-m.main+fp/hard\libgcc.a(_aeabi_uldivmod.o)
 .debug_frame   0x000000000000375c       0x38 D:/Program FIles/ST/STM32CubeIDE_1.14.1/STM32CubeIDE/plugins/com.st.stm32cube.ide.mcu.externaltools.gnu-tools-for-stm32.11.3.rel1.win32_1.1.100.202309141235/tools/bin/../lib/gcc/arm-none-eabi/11.3.1/thumb/v8-m.main+fp/hard\libgcc.a(_udivmoddi4.o)

.debug_line_str
                0x0000000000000000       0x61
 .debug_line_str
                0x0000000000000000       0x61 ./Core/Startup/startup_stm32h562rgtx.o
                                         0x79 (size before relaxing)
