../Core/Src/main.c:102:6:print_frame	144	static
../Core/Src/main.c:112:6:can_tp_send_frame	16	static
../Core/Src/main.c:121:6:can_tp_manager	56	static
../Core/Src/main.c:217:5:main	56	static
../Core/Src/main.c:293:6:SystemClock_Config	88	static
../Core/Src/main.c:339:13:MX_CAN1_Init	8	static
../Core/Src/main.c:376:13:MX_I2S3_Init	8	static
../Core/Src/main.c:410:13:MX_USART2_UART_Init	8	static
../Core/Src/main.c:444:13:MX_GPIO_Init	56	static
../Core/Src/main.c:560:6:HAL_UART_RxCpltCallback	16	static
../Core/Src/main.c:582:6:HAL_CAN_RxFifo0MsgPendingCallback	56	static
../Core/Src/main.c:629:6:Error_Handler	4	static,ignoring_inline_asm
