../Core/Src/main.c:88:6:print_reassembled_message	112	static
../Core/Src/main.c:106:6:send_flow_control_frame	56	static
../Core/Src/main.c:136:6:process_can_tp_frame	32	static
../Core/Src/main.c:207:6:HAL_FDCAN_RxFifo0Callback	128	static
../Core/Src/main.c:250:6:FDCAN_ConfigFilter	32	static
../Core/Src/main.c:274:5:main	112	static
../Core/Src/main.c:337:6:SystemClock_Config	120	static
../Core/Src/main.c:394:13:MX_FDCAN1_Init	8	static
../Core/Src/main.c:437:13:MX_USART2_UART_Init	8	static
../Core/Src/main.c:485:13:MX_GPIO_Init	16	static
../Core/Src/main.c:505:6:Error_Handler	4	static,ignoring_inline_asm
